#-----------------------------------------------------------
# Vivado v2019.2 (64-bit)
# SW Build 2708876 on Wed Nov  6 21:39:14 MST 2019
# IP Build 2700528 on Thu Nov  7 00:09:20 MST 2019
# Start of session at: Mon Oct 19 00:17:55 2020
# Process ID: 75640
# Current directory: /home/caohy/work/kcu_10gbaser_tpu
# Command line: vivado
# Log file: /home/caohy/work/kcu_10gbaser_tpu/vivado.log
# Journal file: /home/caohy/work/kcu_10gbaser_tpu/vivado.jou
#-----------------------------------------------------------
start_gui
open_project /home/caohy/work/kcu_10gbaser_tpu/10gbaser_trd.xpr
update_compile_order -fileset sources_1
launch_simulation
open_wave_config /home/caohy/work/kcu_10gbaser_tpu/10gbaser_trd.sim/axi_stram_gen_mon0.wcfg
source tb.tcl
current_wave_config {axi_stram_gen_mon0.wcfg}
add_wave {{/tb/kcu10gbaser_tpu_top/tpu/radio/m_axis_outputI_tvalid_8}} {{/tb/kcu10gbaser_tpu_top/tpu/radio/m_axis_outputI_tready_8}} {{/tb/kcu10gbaser_tpu_top/tpu/radio/m_axis_outputI_tdata_8}} {{/tb/kcu10gbaser_tpu_top/tpu/radio/m_axis_outputI_tlast_8}} {{/tb/kcu10gbaser_tpu_top/tpu/radio/m_axis_outputQ_tvalid_8}} {{/tb/kcu10gbaser_tpu_top/tpu/radio/m_axis_outputQ_tready_8}} {{/tb/kcu10gbaser_tpu_top/tpu/radio/m_axis_outputQ_tdata_8}} {{/tb/kcu10gbaser_tpu_top/tpu/radio/m_axis_outputQ_tlast_8}} {{/tb/kcu10gbaser_tpu_top/tpu/radio/s_axis_inputI_tvalid_8}} {{/tb/kcu10gbaser_tpu_top/tpu/radio/s_axis_inputI_tready_8}} {{/tb/kcu10gbaser_tpu_top/tpu/radio/s_axis_inputI_tdata_8}} {{/tb/kcu10gbaser_tpu_top/tpu/radio/s_axis_inputI_tlast_8}} {{/tb/kcu10gbaser_tpu_top/tpu/radio/s_axis_inputQ_tvalid_8}} {{/tb/kcu10gbaser_tpu_top/tpu/radio/s_axis_inputQ_tready_8}} {{/tb/kcu10gbaser_tpu_top/tpu/radio/s_axis_inputQ_tdata_8}} {{/tb/kcu10gbaser_tpu_top/tpu/radio/s_axis_inputQ_tlast_8}} 
restart
run all
close_sim
launch_simulation
open_wave_config /home/caohy/work/kcu_10gbaser_tpu/10gbaser_trd.sim/axi_stram_gen_mon0.wcfg
source tb.tcl
current_wave_config {axi_stram_gen_mon0.wcfg}
add_wave {{/tb/kcu10gbaser_tpu_top/data_transfer}} 
restart
run all
