Copyright 1986-2020 Xilinx, Inc. All Rights Reserved.
-----------------------------------------------------------------------------------------------
| Tool Version      : Vivado v.2020.2 (win64) Build 3064766 Wed Nov 18 09:12:45 MST 2020
| Date              : Fri Dec  4 10:59:59 2020
| Host              : DESKTOP-4A374NS running 64-bit major release  (build 9200)
| Command           : report_clock_utilization -file tpu_transmit_clock_utilization_routed.rpt
| Design            : tpu_transmit
| Device            : xcku040-ffva1156
| Speed File        : -2  PRODUCTION 1.25 12-04-2018
| Temperature Grade : E
| Design State      : Routed
-----------------------------------------------------------------------------------------------

Clock Utilization Report

Table of Contents
-----------------
1. Clock Primitive Utilization
2. Global Clock Resources
3. Global Clock Source Details
4. Clock Regions : Clock Primitives
5. Clock Regions : Load Primitives
6. Clock Regions : Global Clock Summary
7. Clock Regions : Routing Resource Utilization
8. Device Cell Placement Summary for Global Clock g0
9. Device Cell Placement Summary for Global Clock g1
10. Device Cell Placement Summary for Global Clock g2
11. Device Cell Placement Summary for Global Clock g3
12. Device Cell Placement Summary for Global Clock g4
13. Device Cell Placement Summary for Global Clock g5
14. Device Cell Placement Summary for Global Clock g6
15. Clock Region Cell Placement per Global Clock: Region X0Y0
16. Clock Region Cell Placement per Global Clock: Region X1Y0
17. Clock Region Cell Placement per Global Clock: Region X2Y0
18. Clock Region Cell Placement per Global Clock: Region X3Y0
19. Clock Region Cell Placement per Global Clock: Region X0Y1
20. Clock Region Cell Placement per Global Clock: Region X1Y1
21. Clock Region Cell Placement per Global Clock: Region X2Y1
22. Clock Region Cell Placement per Global Clock: Region X3Y1
23. Clock Region Cell Placement per Global Clock: Region X0Y2
24. Clock Region Cell Placement per Global Clock: Region X1Y2
25. Clock Region Cell Placement per Global Clock: Region X2Y2
26. Clock Region Cell Placement per Global Clock: Region X3Y2
27. Clock Region Cell Placement per Global Clock: Region X0Y3
28. Clock Region Cell Placement per Global Clock: Region X1Y3
29. Clock Region Cell Placement per Global Clock: Region X2Y3
30. Clock Region Cell Placement per Global Clock: Region X3Y3
31. Clock Region Cell Placement per Global Clock: Region X0Y4
32. Clock Region Cell Placement per Global Clock: Region X1Y4
33. Clock Region Cell Placement per Global Clock: Region X2Y4
34. Clock Region Cell Placement per Global Clock: Region X3Y4

1. Clock Primitive Utilization
------------------------------

+------------+------+-----------+-----+--------------+--------+
| Type       | Used | Available | LOC | Clock Region | Pblock |
+------------+------+-----------+-----+--------------+--------+
| BUFGCE     |    2 |       240 |   0 |            0 |      0 |
| BUFGCE_DIV |    0 |        40 |   0 |            0 |      0 |
| BUFGCTRL   |    0 |        80 |   0 |            0 |      0 |
| BUFG_GT    |    5 |       120 |   0 |            0 |      0 |
| MMCM       |    1 |        10 |   0 |            0 |      0 |
| PLL        |    0 |        20 |   0 |            0 |      0 |
+------------+------+-----------+-----+--------------+--------+


2. Global Clock Resources
-------------------------

+-----------+-----------+-----------------+------------+---------------+--------------+------+-------------------+-------------------+-------------+-----------------+--------------+-----------------------------+--------------------------------------------------------------------------------------------------------------------------------------------------------------------------------------------------+-------------------------------------------------------------------------------------------------------------------------------------------------------------------------------------------+
| Global Id | Source Id | Driver Type/Pin | Constraint | Site          | Clock Region | Root | Clock Delay Group | Load Clock Region | Clock Loads | Non-Clock Loads | Clock Period | Clock                       | Driver Pin                                                                                                                                                                                       | Net                                                                                                                                                                                       |
+-----------+-----------+-----------------+------------+---------------+--------------+------+-------------------+-------------------+-------------+-----------------+--------------+-----------------------------+--------------------------------------------------------------------------------------------------------------------------------------------------------------------------------------------------+-------------------------------------------------------------------------------------------------------------------------------------------------------------------------------------------+
| g0        | src0      | BUFGCE/O        | None       | BUFGCE_X1Y48  | X2Y2         | X1Y2 |                   |                19 |       42152 |               0 |        4.000 | clk_out1_tpu_transmit_clock | tpu_transmit_clock/inst/clkout1_buf/O                                                                                                                                                            | tpu_transmit_clock/inst/clk_out1                                                                                                                                                          |
| g1        | src1      | BUFG_GT/O       | None       | BUFG_GT_X0Y95 | X3Y3         | X2Y2 |                   |                 4 |        3054 |               0 |        6.400 | refclk_p                    | mainnet_down10g/mac_phy_wrapper_i/mac_phy_i/mac_phy_ch0/ten_gig_eth_pcs_pma_ch0/inst/ten_gig_eth_pcs_pma_shared_clock_reset_block/refclk_bufg_gt_i/O                                             | mainnet_down10g/mac_phy_wrapper_i/mac_phy_i/mac_phy_ch0/ten_gig_eth_pcs_pma_ch0/inst/ten_gig_eth_pcs_pma_shared_clock_reset_block/coreclk_out                                             |
| g2        | src2      | BUFG_GT/O       | None       | BUFG_GT_X0Y69 | X3Y2         | X3Y2 |                   |                 1 |        1518 |               0 |        6.400 | ten_gig_eth_pcs_pma_ch0_n_6 | mainnet_down10g/mac_phy_wrapper_i/mac_phy_i/mac_phy_ch0/ten_gig_eth_pcs_pma_ch0/inst/ten_gig_eth_pcs_pma_shared_clock_reset_block/txusrclk2_bufg_gt_i/O                                          | mainnet_down10g/mac_phy_wrapper_i/mac_phy_i/mac_phy_ch0/ten_gig_eth_pcs_pma_ch0/inst/ten_gig_eth_pcs_pma_shared_clock_reset_block/CLK                                                     |
| g3        | src2      | BUFG_GT/O       | None       | BUFG_GT_X0Y70 | X3Y2         | X3Y2 |                   |                 1 |           1 |               0 |        3.200 | txoutclk_out[0]             | mainnet_down10g/mac_phy_wrapper_i/mac_phy_i/mac_phy_ch0/ten_gig_eth_pcs_pma_ch0/inst/ten_gig_eth_pcs_pma_shared_clock_reset_block/txoutclk_bufg_gt_i/O                                           | mainnet_down10g/mac_phy_wrapper_i/mac_phy_i/mac_phy_ch0/ten_gig_eth_pcs_pma_ch0/inst/ten_gig_eth_pcs_pma_shared_clock_reset_block/txusrclk_out                                            |
| g4        | src3      | BUFG_GT/O       | None       | BUFG_GT_X0Y50 | X3Y2         | X3Y2 |                   |                 1 |        1312 |               0 |        6.400 | rxrecclk_out                | mainnet_down10g/mac_phy_wrapper_i/mac_phy_i/mac_phy_ch0/ten_gig_eth_pcs_pma_ch0/inst/ten_gig_eth_pcs_pma_block_i/mac_phy_ten_gig_eth_pcs_pma_ch0_0_local_clock_reset_block/rxusrclk2_bufg_gt_i/O | mainnet_down10g/mac_phy_wrapper_i/mac_phy_i/mac_phy_ch0/ten_gig_eth_pcs_pma_ch0/inst/ten_gig_eth_pcs_pma_block_i/mac_phy_ten_gig_eth_pcs_pma_ch0_0_local_clock_reset_block/CLK            |
| g5        | src3      | BUFG_GT/O       | None       | BUFG_GT_X0Y51 | X3Y2         | X3Y2 |                   |                 1 |           1 |               0 |        3.200 | rxoutclk_out[0]             | mainnet_down10g/mac_phy_wrapper_i/mac_phy_i/mac_phy_ch0/ten_gig_eth_pcs_pma_ch0/inst/ten_gig_eth_pcs_pma_block_i/mac_phy_ten_gig_eth_pcs_pma_ch0_0_local_clock_reset_block/rxoutclk_bufg_gt_i/O  | mainnet_down10g/mac_phy_wrapper_i/mac_phy_i/mac_phy_ch0/ten_gig_eth_pcs_pma_ch0/inst/ten_gig_eth_pcs_pma_block_i/mac_phy_ten_gig_eth_pcs_pma_ch0_0_local_clock_reset_block/rxusrclk_in[0] |
| g6        | src4      | BUFGCE/O        | None       | BUFGCE_X1Y49  | X2Y2         | X1Y2 | n/a               |                 1 |           0 |               1 |        8.000 | clkfbout_tpu_transmit_clock | tpu_transmit_clock/inst/clkf_buf/O                                                                                                                                                               | tpu_transmit_clock/inst/clkfbout_buf_tpu_transmit_clock                                                                                                                                   |
+-----------+-----------+-----------------+------------+---------------+--------------+------+-------------------+-------------------+-------------+-----------------+--------------+-----------------------------+--------------------------------------------------------------------------------------------------------------------------------------------------------------------------------------------------+-------------------------------------------------------------------------------------------------------------------------------------------------------------------------------------------+
* Clock Loads column represents the clock pin loads (pin count)
** Non-Clock Loads column represents the non-clock pin loads (pin count)


3. Global Clock Source Details
------------------------------

+-----------+-----------+------------------------+---------------------+---------------------+--------------+-------------+-----------------+---------------------+-----------------------------+-----------------------------------------------------------------------------------------------------------------------------------------------------------------------------------------------------------------------------------------------------------------------------------------------------------------------------------------------------------------------------------------------------------------------------------+----------------------------------------------------------------------------------------------------------------------------------------------------------------------------------------------------------------------------------------------------------------------------------------------------------------------------------------------------------------------+
| Source Id | Global Id | Driver Type/Pin        | Constraint          | Site                | Clock Region | Clock Loads | Non-Clock Loads | Source Clock Period | Source Clock                | Driver Pin                                                                                                                                                                                                                                                                                                                                                                                                                        | Net                                                                                                                                                                                                                                                                                                                                                                  |
+-----------+-----------+------------------------+---------------------+---------------------+--------------+-------------+-----------------+---------------------+-----------------------------+-----------------------------------------------------------------------------------------------------------------------------------------------------------------------------------------------------------------------------------------------------------------------------------------------------------------------------------------------------------------------------------------------------------------------------------+----------------------------------------------------------------------------------------------------------------------------------------------------------------------------------------------------------------------------------------------------------------------------------------------------------------------------------------------------------------------+
| src0      | g0        | MMCME3_ADV/CLKOUT0     | None                | MMCME3_ADV_X1Y2     | X2Y2         |           1 |               0 |               4.000 | clk_out1_tpu_transmit_clock | tpu_transmit_clock/inst/mmcme3_adv_inst/CLKOUT0                                                                                                                                                                                                                                                                                                                                                                                   | tpu_transmit_clock/inst/clk_out1_tpu_transmit_clock                                                                                                                                                                                                                                                                                                                  |
| src1      | g1        | IBUFDS_GTE3/ODIV2      | GTHE3_COMMON_X0Y3   | GTHE3_COMMON_X0Y3   | X3Y3         |           2 |               0 |               6.400 | refclk_p                    | mainnet_down10g/mac_phy_wrapper_i/mac_phy_i/mac_phy_ch0/ten_gig_eth_pcs_pma_ch0/inst/ten_gig_eth_pcs_pma_shared_clock_reset_block/ibufds_inst/ODIV2                                                                                                                                                                                                                                                                               | mainnet_down10g/mac_phy_wrapper_i/mac_phy_i/mac_phy_ch0/ten_gig_eth_pcs_pma_ch0/inst/ten_gig_eth_pcs_pma_shared_clock_reset_block/refclkcopy                                                                                                                                                                                                                         |
| src2      | g2        | GTHE3_CHANNEL/TXOUTCLK | GTHE3_CHANNEL_X0Y10 | GTHE3_CHANNEL_X0Y10 | X3Y2         |           3 |               0 |               3.200 | txoutclk_out[0]             | mainnet_down10g/mac_phy_wrapper_i/mac_phy_i/mac_phy_ch0/ten_gig_eth_pcs_pma_ch0/inst/ten_gig_eth_pcs_pma_block_i/mac_phy_ten_gig_eth_pcs_pma_ch0_0_gt_i/inst/gen_gtwizard_gthe3_top.mac_phy_ten_gig_eth_pcs_pma_ch0_0_gt_gtwizard_gthe3_inst/gen_gtwizard_gthe3.gen_channel_container[2].gen_enabled_channel.gthe3_channel_wrapper_inst/channel_inst/gthe3_channel_gen.gen_gthe3_channel_inst[0].GTHE3_CHANNEL_PRIM_INST/TXOUTCLK | mainnet_down10g/mac_phy_wrapper_i/mac_phy_i/mac_phy_ch0/ten_gig_eth_pcs_pma_ch0/inst/ten_gig_eth_pcs_pma_block_i/mac_phy_ten_gig_eth_pcs_pma_ch0_0_gt_i/inst/gen_gtwizard_gthe3_top.mac_phy_ten_gig_eth_pcs_pma_ch0_0_gt_gtwizard_gthe3_inst/gen_gtwizard_gthe3.gen_channel_container[2].gen_enabled_channel.gthe3_channel_wrapper_inst/channel_inst/txoutclk_out[0] |
| src2      | g3        | GTHE3_CHANNEL/TXOUTCLK | GTHE3_CHANNEL_X0Y10 | GTHE3_CHANNEL_X0Y10 | X3Y2         |           3 |               0 |               3.200 | txoutclk_out[0]             | mainnet_down10g/mac_phy_wrapper_i/mac_phy_i/mac_phy_ch0/ten_gig_eth_pcs_pma_ch0/inst/ten_gig_eth_pcs_pma_block_i/mac_phy_ten_gig_eth_pcs_pma_ch0_0_gt_i/inst/gen_gtwizard_gthe3_top.mac_phy_ten_gig_eth_pcs_pma_ch0_0_gt_gtwizard_gthe3_inst/gen_gtwizard_gthe3.gen_channel_container[2].gen_enabled_channel.gthe3_channel_wrapper_inst/channel_inst/gthe3_channel_gen.gen_gthe3_channel_inst[0].GTHE3_CHANNEL_PRIM_INST/TXOUTCLK | mainnet_down10g/mac_phy_wrapper_i/mac_phy_i/mac_phy_ch0/ten_gig_eth_pcs_pma_ch0/inst/ten_gig_eth_pcs_pma_block_i/mac_phy_ten_gig_eth_pcs_pma_ch0_0_gt_i/inst/gen_gtwizard_gthe3_top.mac_phy_ten_gig_eth_pcs_pma_ch0_0_gt_gtwizard_gthe3_inst/gen_gtwizard_gthe3.gen_channel_container[2].gen_enabled_channel.gthe3_channel_wrapper_inst/channel_inst/txoutclk_out[0] |
| src3      | g4        | GTHE3_CHANNEL/RXOUTCLK | GTHE3_CHANNEL_X0Y10 | GTHE3_CHANNEL_X0Y10 | X3Y2         |           3 |               0 |               3.200 | rxoutclk_out[0]             | mainnet_down10g/mac_phy_wrapper_i/mac_phy_i/mac_phy_ch0/ten_gig_eth_pcs_pma_ch0/inst/ten_gig_eth_pcs_pma_block_i/mac_phy_ten_gig_eth_pcs_pma_ch0_0_gt_i/inst/gen_gtwizard_gthe3_top.mac_phy_ten_gig_eth_pcs_pma_ch0_0_gt_gtwizard_gthe3_inst/gen_gtwizard_gthe3.gen_channel_container[2].gen_enabled_channel.gthe3_channel_wrapper_inst/channel_inst/gthe3_channel_gen.gen_gthe3_channel_inst[0].GTHE3_CHANNEL_PRIM_INST/RXOUTCLK | mainnet_down10g/mac_phy_wrapper_i/mac_phy_i/mac_phy_ch0/ten_gig_eth_pcs_pma_ch0/inst/ten_gig_eth_pcs_pma_block_i/mac_phy_ten_gig_eth_pcs_pma_ch0_0_gt_i/inst/gen_gtwizard_gthe3_top.mac_phy_ten_gig_eth_pcs_pma_ch0_0_gt_gtwizard_gthe3_inst/gen_gtwizard_gthe3.gen_channel_container[2].gen_enabled_channel.gthe3_channel_wrapper_inst/channel_inst/rxoutclk_out[0] |
| src3      | g5        | GTHE3_CHANNEL/RXOUTCLK | GTHE3_CHANNEL_X0Y10 | GTHE3_CHANNEL_X0Y10 | X3Y2         |           3 |               0 |               3.200 | rxoutclk_out[0]             | mainnet_down10g/mac_phy_wrapper_i/mac_phy_i/mac_phy_ch0/ten_gig_eth_pcs_pma_ch0/inst/ten_gig_eth_pcs_pma_block_i/mac_phy_ten_gig_eth_pcs_pma_ch0_0_gt_i/inst/gen_gtwizard_gthe3_top.mac_phy_ten_gig_eth_pcs_pma_ch0_0_gt_gtwizard_gthe3_inst/gen_gtwizard_gthe3.gen_channel_container[2].gen_enabled_channel.gthe3_channel_wrapper_inst/channel_inst/gthe3_channel_gen.gen_gthe3_channel_inst[0].GTHE3_CHANNEL_PRIM_INST/RXOUTCLK | mainnet_down10g/mac_phy_wrapper_i/mac_phy_i/mac_phy_ch0/ten_gig_eth_pcs_pma_ch0/inst/ten_gig_eth_pcs_pma_block_i/mac_phy_ten_gig_eth_pcs_pma_ch0_0_gt_i/inst/gen_gtwizard_gthe3_top.mac_phy_ten_gig_eth_pcs_pma_ch0_0_gt_gtwizard_gthe3_inst/gen_gtwizard_gthe3.gen_channel_container[2].gen_enabled_channel.gthe3_channel_wrapper_inst/channel_inst/rxoutclk_out[0] |
| src4      | g6        | MMCME3_ADV/CLKFBOUT    | None                | MMCME3_ADV_X1Y2     | X2Y2         |           1 |               0 |               8.000 | clkfbout_tpu_transmit_clock | tpu_transmit_clock/inst/mmcme3_adv_inst/CLKFBOUT                                                                                                                                                                                                                                                                                                                                                                                  | tpu_transmit_clock/inst/clkfbout_tpu_transmit_clock                                                                                                                                                                                                                                                                                                                  |
+-----------+-----------+------------------------+---------------------+---------------------+--------------+-------------+-----------------+---------------------+-----------------------------+-----------------------------------------------------------------------------------------------------------------------------------------------------------------------------------------------------------------------------------------------------------------------------------------------------------------------------------------------------------------------------------------------------------------------------------+----------------------------------------------------------------------------------------------------------------------------------------------------------------------------------------------------------------------------------------------------------------------------------------------------------------------------------------------------------------------+
* Clock Loads column represents the clock pin loads (pin count)
** Non-Clock Loads column represents the non-clock pin loads (pin count)


4. Clock Regions : Clock Primitives
-----------------------------------

+-------------------+---------------+---------------+---------------+---------------+---------------+---------------+---------------+
|                   |  Global Clock |     BUFGCE    |   BUFGCE_DIV  |    BUFGCTRL   |    BUFG_GT    |      MMCM     |      PLL      |
+-------------------+-------+-------+-------+-------+-------+-------+-------+-------+-------+-------+-------+-------+-------+-------+
| Clock Region Name | Used  | Avail | Used  | Avail | Used  | Avail | Used  | Avail | Used  | Avail | Used  | Avail | Used  | Avail |
+-------------------+-------+-------+-------+-------+-------+-------+-------+-------+-------+-------+-------+-------+-------+-------+
| X0Y0              |     1 |    24 |     0 |    24 |     0 |     4 |     0 |     8 |     0 |     0 |     0 |     1 |     0 |     2 |
| X1Y0              |     1 |    24 |     0 |     0 |     0 |     0 |     0 |     0 |     0 |     0 |     0 |     0 |     0 |     0 |
| X2Y0              |     2 |    24 |     0 |    24 |     0 |     4 |     0 |     8 |     0 |     0 |     0 |     1 |     0 |     2 |
| X3Y0              |     1 |    24 |     0 |     0 |     0 |     0 |     0 |     0 |     0 |    24 |     0 |     0 |     0 |     0 |
| X0Y1              |     1 |    24 |     0 |    24 |     0 |     4 |     0 |     8 |     0 |     0 |     0 |     1 |     0 |     2 |
| X1Y1              |     1 |    24 |     0 |     0 |     0 |     0 |     0 |     0 |     0 |     0 |     0 |     0 |     0 |     0 |
| X2Y1              |     2 |    24 |     0 |    24 |     0 |     4 |     0 |     8 |     0 |     0 |     0 |     1 |     0 |     2 |
| X3Y1              |     1 |    24 |     0 |     0 |     0 |     0 |     0 |     0 |     0 |    24 |     0 |     0 |     0 |     0 |
| X0Y2              |     1 |    24 |     0 |    24 |     0 |     4 |     0 |     8 |     0 |     0 |     0 |     1 |     0 |     2 |
| X1Y2              |     2 |    24 |     0 |     0 |     0 |     0 |     0 |     0 |     0 |     0 |     0 |     0 |     0 |     0 |
| X2Y2              |     4 |    24 |     2 |    24 |     0 |     4 |     0 |     8 |     0 |     0 |     1 |     1 |     0 |     2 |
| X3Y2              |     5 |    24 |     0 |     0 |     0 |     0 |     0 |     0 |     4 |    24 |     0 |     0 |     0 |     0 |
| X0Y3              |     1 |    24 |     0 |    24 |     0 |     4 |     0 |     8 |     0 |     0 |     0 |     1 |     0 |     2 |
| X1Y3              |     1 |    24 |     0 |     0 |     0 |     0 |     0 |     0 |     0 |     0 |     0 |     0 |     0 |     0 |
| X2Y3              |     3 |    24 |     0 |    24 |     0 |     4 |     0 |     8 |     0 |     0 |     0 |     1 |     0 |     2 |
| X3Y3              |     2 |    24 |     0 |     0 |     0 |     0 |     0 |     0 |     1 |    24 |     0 |     0 |     0 |     0 |
| X0Y4              |     1 |    24 |     0 |    24 |     0 |     4 |     0 |     8 |     0 |     0 |     0 |     1 |     0 |     2 |
| X1Y4              |     1 |    24 |     0 |     0 |     0 |     0 |     0 |     0 |     0 |     0 |     0 |     0 |     0 |     0 |
| X2Y4              |     2 |    24 |     0 |    24 |     0 |     4 |     0 |     8 |     0 |     0 |     0 |     1 |     0 |     2 |
| X3Y4              |     1 |    24 |     0 |     0 |     0 |     0 |     0 |     0 |     0 |    24 |     0 |     0 |     0 |     0 |
+-------------------+-------+-------+-------+-------+-------+-------+-------+-------+-------+-------+-------+-------+-------+-------+
* Global Clock column represents track count; while other columns represents cell counts


5. Clock Regions : Load Primitives
----------------------------------

+-------------------+------------------+------------------+------------------+------------------+------------------+------------------+------------------+
|                   |   Global Clock   |        FF        |      LUTRAM      |  Block RAM (18K) |        DSP       |        GT        |      HARD IP     |
+-------------------+--------+---------+--------+---------+--------+---------+--------+---------+--------+---------+--------+---------+--------+---------+
| Clock Region Name | Used   | Avail   | Used   | Avail   | Used   | Avail   | Used   | Avail   | Used   | Avail   | Used   | Avail   | Used   | Avail   |
+-------------------+--------+---------+--------+---------+--------+---------+--------+---------+--------+---------+--------+---------+--------+---------+
| X0Y0              |      1 |      24 |    100 |   23040 |      0 |    5760 |      2 |      72 |      0 |      96 |      0 |       0 |      0 |       0 |
| X1Y0              |      1 |      24 |   3235 |   24000 |      2 |    6240 |      6 |      72 |      0 |      96 |      0 |       0 |      0 |       0 |
| X2Y0              |      2 |      24 |   3836 |   25920 |      0 |    7200 |      7 |      48 |      0 |     144 |      0 |       0 |      0 |       0 |
| X3Y0              |      1 |      24 |   1834 |   24000 |      2 |    3360 |      0 |      48 |      0 |      48 |      0 |       4 |      0 |       1 |
| X0Y1              |      1 |      24 |    434 |   23040 |      0 |    5760 |      4 |      72 |      0 |      96 |      0 |       0 |      0 |       0 |
| X1Y1              |      1 |      24 |   3546 |   24000 |     11 |    6240 |      2 |      72 |      0 |      96 |      0 |       0 |      0 |       0 |
| X2Y1              |      2 |      24 |   3543 |   25920 |      2 |    7200 |      3 |      48 |      0 |     144 |      0 |       0 |      0 |       0 |
| X3Y1              |      1 |      24 |   1099 |   24000 |      9 |    3360 |      0 |      48 |      0 |      48 |      0 |       4 |      0 |       0 |
| X0Y2              |      1 |      24 |    114 |   23040 |      0 |    5760 |      0 |      72 |      0 |      96 |      0 |       0 |      0 |       0 |
| X1Y2              |      2 |      24 |   2701 |   24000 |      9 |    6240 |      5 |      72 |      0 |      96 |      0 |       0 |      0 |       0 |
| X2Y2              |      4 |      24 |   3947 |   25920 |     20 |    7200 |      9 |      48 |      0 |     144 |      0 |       0 |      0 |       0 |
| X3Y2              |      5 |      24 |   4483 |   24000 |      1 |    3360 |      0 |      48 |      0 |      48 |      1 |       4 |      0 |       0 |
| X0Y3              |      1 |      24 |   1312 |   23040 |     11 |    5760 |      0 |      72 |      0 |      96 |      0 |       0 |      0 |       0 |
| X1Y3              |      1 |      24 |   3484 |   24000 |      0 |    6240 |      3 |      72 |      0 |      96 |      0 |       0 |      0 |       0 |
| X2Y3              |      3 |      24 |   3936 |   25920 |     18 |    7200 |      5 |      48 |      0 |     144 |      0 |       0 |      0 |       0 |
| X3Y3              |      2 |      24 |   1686 |   24000 |     16 |    3360 |      9 |      48 |      0 |      48 |      0 |       4 |      0 |       1 |
| X0Y4              |      1 |      24 |    472 |   23040 |      0 |    5760 |      3 |      72 |      0 |      96 |      0 |       0 |      0 |       0 |
| X1Y4              |      1 |      24 |   3577 |   24000 |      2 |    6240 |      6 |      72 |      0 |      96 |      0 |       0 |      0 |       0 |
| X2Y4              |      2 |      24 |   3505 |   25920 |      2 |    7200 |      2 |      48 |      0 |     144 |      0 |       0 |      0 |       0 |
| X3Y4              |      1 |      24 |      2 |   24000 |      0 |    3360 |      0 |      48 |      0 |      48 |      0 |       4 |      0 |       1 |
+-------------------+--------+---------+--------+---------+--------+---------+--------+---------+--------+---------+--------+---------+--------+---------+
* Global Clock column represents track count; while other columns represents cell counts


6. Clock Regions : Global Clock Summary
---------------------------------------

All Modules
+----+----+----+----+----+
|    | X0 | X1 | X2 | X3 |
+----+----+----+----+----+
| Y4 |  1 |  1 |  1 |  1 |
| Y3 |  1 |  1 |  2 |  2 |
| Y2 |  1 |  2 |  3 |  5 |
| Y1 |  1 |  1 |  1 |  1 |
| Y0 |  1 |  1 |  1 |  1 |
+----+----+----+----+----+


7. Clock Regions : Routing Resource Utilization
-----------------------------------------------

All Modules
+-------------------+----------------------+----------------------+----------------------+----------------------+
|                   |        HROUTES       |        HDISTRS       |        VROUTES       |        VDISTRS       |
+-------------------+------+-------+-------+------+-------+-------+------+-------+-------+------+-------+-------+
| Clock Region Name | Used | Avail | Util% | Used | Avail | Util% | Used | Avail | Util% | Used | Avail | Util% |
+-------------------+------+-------+-------+------+-------+-------+------+-------+-------+------+-------+-------+
| X0Y0              |    0 |    24 |  0.00 |    1 |    24 |  4.17 |    0 |    24 |  0.00 |    0 |    24 |  0.00 |
| X1Y0              |    0 |    24 |  0.00 |    1 |    24 |  4.17 |    0 |    24 |  0.00 |    1 |    24 |  4.17 |
| X2Y0              |    0 |    24 |  0.00 |    2 |    24 |  8.33 |    0 |    24 |  0.00 |    0 |    24 |  0.00 |
| X3Y0              |    0 |    24 |  0.00 |    1 |    24 |  4.17 |    0 |    24 |  0.00 |    0 |    24 |  0.00 |
| X0Y1              |    0 |    24 |  0.00 |    1 |    24 |  4.17 |    0 |    24 |  0.00 |    0 |    24 |  0.00 |
| X1Y1              |    0 |    24 |  0.00 |    1 |    24 |  4.17 |    0 |    24 |  0.00 |    1 |    24 |  4.17 |
| X2Y1              |    0 |    24 |  0.00 |    2 |    24 |  8.33 |    0 |    24 |  0.00 |    0 |    24 |  0.00 |
| X3Y1              |    0 |    24 |  0.00 |    1 |    24 |  4.17 |    0 |    24 |  0.00 |    0 |    24 |  0.00 |
| X0Y2              |    0 |    24 |  0.00 |    1 |    24 |  4.17 |    0 |    24 |  0.00 |    0 |    24 |  0.00 |
| X1Y2              |    4 |    24 | 16.67 |    2 |    24 |  8.33 |    0 |    24 |  0.00 |    2 |    24 |  8.33 |
| X2Y2              |    2 |    24 |  8.33 |    4 |    24 | 16.67 |    1 |    24 |  4.17 |    1 |    24 |  4.17 |
| X3Y2              |    0 |    24 |  0.00 |    5 |    24 | 20.83 |    0 |    24 |  0.00 |    0 |    24 |  0.00 |
| X0Y3              |    0 |    24 |  0.00 |    1 |    24 |  4.17 |    0 |    24 |  0.00 |    0 |    24 |  0.00 |
| X1Y3              |    0 |    24 |  0.00 |    1 |    24 |  4.17 |    0 |    24 |  0.00 |    1 |    24 |  4.17 |
| X2Y3              |    1 |    24 |  4.17 |    3 |    24 | 12.50 |    1 |    24 |  4.17 |    0 |    24 |  0.00 |
| X3Y3              |    2 |    24 |  8.33 |    2 |    24 |  8.33 |    0 |    24 |  0.00 |    0 |    24 |  0.00 |
| X0Y4              |    0 |    24 |  0.00 |    1 |    24 |  4.17 |    0 |    24 |  0.00 |    0 |    24 |  0.00 |
| X1Y4              |    0 |    24 |  0.00 |    1 |    24 |  4.17 |    0 |    24 |  0.00 |    0 |    24 |  0.00 |
| X2Y4              |    0 |    24 |  0.00 |    2 |    24 |  8.33 |    0 |    24 |  0.00 |    0 |    24 |  0.00 |
| X3Y4              |    0 |    24 |  0.00 |    1 |    24 |  4.17 |    0 |    24 |  0.00 |    0 |    24 |  0.00 |
+-------------------+------+-------+-------+------+-------+-------+------+-------+-------+------+-------+-------+


8. Device Cell Placement Summary for Global Clock g0
----------------------------------------------------

+-----------+-----------------+-------------------+-----------------------------+-------------+---------------+----------+-------------+----------+----------------+----------+----------------------------------+
| Global Id | Driver Type/Pin | Driver Region (D) | Clock                       | Period (ns) | Waveform (ns) | Root (R) | Slice Loads | IO Loads | Clocking Loads | GT Loads | Net                              |
+-----------+-----------------+-------------------+-----------------------------+-------------+---------------+----------+-------------+----------+----------------+----------+----------------------------------+
| g0        | BUFGCE/O        | X2Y2              | clk_out1_tpu_transmit_clock |       4.000 | {0.000 2.000} | X1Y2     |       41152 |        0 |              0 |        0 | tpu_transmit_clock/inst/clk_out1 |
+-----------+-----------------+-------------------+-----------------------------+-------------+---------------+----------+-------------+----------+----------------+----------+----------------------------------+
* Slice Loads column represents load cell count of all cell types other than IO, GT and clock resources
** IO Loads column represents load cell count of IO types
*** Clocking Loads column represents load cell count that are clock resources (global clock buffer, MMCM, PLL, etc)
**** GT Loads column represents load cell count of GT types


+----+-------+----------+-----------+-------+-----------------------+
|    | X0    | X1       | X2        | X3    | HORIZONTAL PROG DELAY |
+----+-------+----------+-----------+-------+-----------------------+
| Y4 |   475 |     3585 |      3509 |     2 |                     1 |
| Y3 |  1323 |     3487 |      3947 |   703 |                     2 |
| Y2 |   114 | (R) 2715 |  (D) 3615 |     0 |                     2 |
| Y1 |   438 |     3559 |      3548 |  1108 |                     1 |
| Y0 |   102 |     3243 |      3843 |  1836 |                     0 |
+----+-------+----------+-----------+-------+-----------------------+


9. Device Cell Placement Summary for Global Clock g1
----------------------------------------------------

+-----------+-----------------+-------------------+----------+-------------+---------------+----------+-------------+----------+----------------+----------+-----------------------------------------------------------------------------------------------------------------------------------------------+
| Global Id | Driver Type/Pin | Driver Region (D) | Clock    | Period (ns) | Waveform (ns) | Root (R) | Slice Loads | IO Loads | Clocking Loads | GT Loads | Net                                                                                                                                           |
+-----------+-----------------+-------------------+----------+-------------+---------------+----------+-------------+----------+----------------+----------+-----------------------------------------------------------------------------------------------------------------------------------------------+
| g1        | BUFG_GT/O       | X3Y3              | refclk_p |       6.400 | {0.000 3.200} | X2Y2     |        3040 |        0 |              0 |        1 | mainnet_down10g/mac_phy_wrapper_i/mac_phy_i/mac_phy_ch0/ten_gig_eth_pcs_pma_ch0/inst/ten_gig_eth_pcs_pma_shared_clock_reset_block/coreclk_out |
+-----------+-----------------+-------------------+----------+-------------+---------------+----------+-------------+----------+----------------+----------+-----------------------------------------------------------------------------------------------------------------------------------------------+
* Slice Loads column represents load cell count of all cell types other than IO, GT and clock resources
** IO Loads column represents load cell count of IO types
*** Clocking Loads column represents load cell count that are clock resources (global clock buffer, MMCM, PLL, etc)
**** GT Loads column represents load cell count of GT types


+----+----+----+---------+-----------+-----------------------+
|    | X0 | X1 | X2      | X3        | HORIZONTAL PROG DELAY |
+----+----+----+---------+-----------+-----------------------+
| Y4 |  0 |  0 |       0 |         0 |                     0 |
| Y3 |  0 |  0 |      12 |  (D) 1009 |                     0 |
| Y2 |  0 |  0 | (R) 357 |      1663 |                     0 |
| Y1 |  0 |  0 |       0 |         0 |                     0 |
| Y0 |  0 |  0 |       0 |         0 |                     0 |
+----+----+----+---------+-----------+-----------------------+


10. Device Cell Placement Summary for Global Clock g2
-----------------------------------------------------

+-----------+-----------------+-------------------+-----------------------------+-------------+---------------+----------+-------------+----------+----------------+----------+---------------------------------------------------------------------------------------------------------------------------------------+
| Global Id | Driver Type/Pin | Driver Region (D) | Clock                       | Period (ns) | Waveform (ns) | Root (R) | Slice Loads | IO Loads | Clocking Loads | GT Loads | Net                                                                                                                                   |
+-----------+-----------------+-------------------+-----------------------------+-------------+---------------+----------+-------------+----------+----------------+----------+---------------------------------------------------------------------------------------------------------------------------------------+
| g2        | BUFG_GT/O       | X3Y2              | ten_gig_eth_pcs_pma_ch0_n_6 |       6.400 | {0.000 3.200} | X3Y2     |        1517 |        0 |              0 |        1 | mainnet_down10g/mac_phy_wrapper_i/mac_phy_i/mac_phy_ch0/ten_gig_eth_pcs_pma_ch0/inst/ten_gig_eth_pcs_pma_shared_clock_reset_block/CLK |
+-----------+-----------------+-------------------+-----------------------------+-------------+---------------+----------+-------------+----------+----------------+----------+---------------------------------------------------------------------------------------------------------------------------------------+
* Slice Loads column represents load cell count of all cell types other than IO, GT and clock resources
** IO Loads column represents load cell count of IO types
*** Clocking Loads column represents load cell count that are clock resources (global clock buffer, MMCM, PLL, etc)
**** GT Loads column represents load cell count of GT types


+----+----+----+----+--------------+-----------------------+
|    | X0 | X1 | X2 | X3           | HORIZONTAL PROG DELAY |
+----+----+----+----+--------------+-----------------------+
| Y4 |  0 |  0 |  0 |            0 |                     0 |
| Y3 |  0 |  0 |  0 |            0 |                     0 |
| Y2 |  0 |  0 |  0 | (R) (D) 1518 |                     0 |
| Y1 |  0 |  0 |  0 |            0 |                     0 |
| Y0 |  0 |  0 |  0 |            0 |                     0 |
+----+----+----+----+--------------+-----------------------+


11. Device Cell Placement Summary for Global Clock g3
-----------------------------------------------------

+-----------+-----------------+-------------------+-----------------+-------------+---------------+----------+-------------+----------+----------------+----------+------------------------------------------------------------------------------------------------------------------------------------------------+
| Global Id | Driver Type/Pin | Driver Region (D) | Clock           | Period (ns) | Waveform (ns) | Root (R) | Slice Loads | IO Loads | Clocking Loads | GT Loads | Net                                                                                                                                            |
+-----------+-----------------+-------------------+-----------------+-------------+---------------+----------+-------------+----------+----------------+----------+------------------------------------------------------------------------------------------------------------------------------------------------+
| g3        | BUFG_GT/O       | X3Y2              | txoutclk_out[0] |       3.200 | {0.000 1.600} | X3Y2     |           0 |        0 |              0 |        1 | mainnet_down10g/mac_phy_wrapper_i/mac_phy_i/mac_phy_ch0/ten_gig_eth_pcs_pma_ch0/inst/ten_gig_eth_pcs_pma_shared_clock_reset_block/txusrclk_out |
+-----------+-----------------+-------------------+-----------------+-------------+---------------+----------+-------------+----------+----------------+----------+------------------------------------------------------------------------------------------------------------------------------------------------+
* Slice Loads column represents load cell count of all cell types other than IO, GT and clock resources
** IO Loads column represents load cell count of IO types
*** Clocking Loads column represents load cell count that are clock resources (global clock buffer, MMCM, PLL, etc)
**** GT Loads column represents load cell count of GT types


+----+----+----+----+-----------+-----------------------+
|    | X0 | X1 | X2 | X3        | HORIZONTAL PROG DELAY |
+----+----+----+----+-----------+-----------------------+
| Y4 |  0 |  0 |  0 |         0 |                     0 |
| Y3 |  0 |  0 |  0 |         0 |                     0 |
| Y2 |  0 |  0 |  0 | (R) (D) 1 |                     0 |
| Y1 |  0 |  0 |  0 |         0 |                     0 |
| Y0 |  0 |  0 |  0 |         0 |                     0 |
+----+----+----+----+-----------+-----------------------+


12. Device Cell Placement Summary for Global Clock g4
-----------------------------------------------------

+-----------+-----------------+-------------------+--------------+-------------+---------------+----------+-------------+----------+----------------+----------+--------------------------------------------------------------------------------------------------------------------------------------------------------------------------------+
| Global Id | Driver Type/Pin | Driver Region (D) | Clock        | Period (ns) | Waveform (ns) | Root (R) | Slice Loads | IO Loads | Clocking Loads | GT Loads | Net                                                                                                                                                                            |
+-----------+-----------------+-------------------+--------------+-------------+---------------+----------+-------------+----------+----------------+----------+--------------------------------------------------------------------------------------------------------------------------------------------------------------------------------+
| g4        | BUFG_GT/O       | X3Y2              | rxrecclk_out |       6.400 | {0.000 3.200} | X3Y2     |        1305 |        0 |              0 |        1 | mainnet_down10g/mac_phy_wrapper_i/mac_phy_i/mac_phy_ch0/ten_gig_eth_pcs_pma_ch0/inst/ten_gig_eth_pcs_pma_block_i/mac_phy_ten_gig_eth_pcs_pma_ch0_0_local_clock_reset_block/CLK |
+-----------+-----------------+-------------------+--------------+-------------+---------------+----------+-------------+----------+----------------+----------+--------------------------------------------------------------------------------------------------------------------------------------------------------------------------------+
* Slice Loads column represents load cell count of all cell types other than IO, GT and clock resources
** IO Loads column represents load cell count of IO types
*** Clocking Loads column represents load cell count that are clock resources (global clock buffer, MMCM, PLL, etc)
**** GT Loads column represents load cell count of GT types


+----+----+----+----+--------------+-----------------------+
|    | X0 | X1 | X2 | X3           | HORIZONTAL PROG DELAY |
+----+----+----+----+--------------+-----------------------+
| Y4 |  0 |  0 |  0 |            0 |                     0 |
| Y3 |  0 |  0 |  0 |            0 |                     0 |
| Y2 |  0 |  0 |  0 | (R) (D) 1306 |                     0 |
| Y1 |  0 |  0 |  0 |            0 |                     0 |
| Y0 |  0 |  0 |  0 |            0 |                     0 |
+----+----+----+----+--------------+-----------------------+


13. Device Cell Placement Summary for Global Clock g5
-----------------------------------------------------

+-----------+-----------------+-------------------+-----------------+-------------+---------------+----------+-------------+----------+----------------+----------+-------------------------------------------------------------------------------------------------------------------------------------------------------------------------------------------+
| Global Id | Driver Type/Pin | Driver Region (D) | Clock           | Period (ns) | Waveform (ns) | Root (R) | Slice Loads | IO Loads | Clocking Loads | GT Loads | Net                                                                                                                                                                                       |
+-----------+-----------------+-------------------+-----------------+-------------+---------------+----------+-------------+----------+----------------+----------+-------------------------------------------------------------------------------------------------------------------------------------------------------------------------------------------+
| g5        | BUFG_GT/O       | X3Y2              | rxoutclk_out[0] |       3.200 | {0.000 1.600} | X3Y2     |           0 |        0 |              0 |        1 | mainnet_down10g/mac_phy_wrapper_i/mac_phy_i/mac_phy_ch0/ten_gig_eth_pcs_pma_ch0/inst/ten_gig_eth_pcs_pma_block_i/mac_phy_ten_gig_eth_pcs_pma_ch0_0_local_clock_reset_block/rxusrclk_in[0] |
+-----------+-----------------+-------------------+-----------------+-------------+---------------+----------+-------------+----------+----------------+----------+-------------------------------------------------------------------------------------------------------------------------------------------------------------------------------------------+
* Slice Loads column represents load cell count of all cell types other than IO, GT and clock resources
** IO Loads column represents load cell count of IO types
*** Clocking Loads column represents load cell count that are clock resources (global clock buffer, MMCM, PLL, etc)
**** GT Loads column represents load cell count of GT types


+----+----+----+----+-----------+-----------------------+
|    | X0 | X1 | X2 | X3        | HORIZONTAL PROG DELAY |
+----+----+----+----+-----------+-----------------------+
| Y4 |  0 |  0 |  0 |         0 |                     0 |
| Y3 |  0 |  0 |  0 |         0 |                     0 |
| Y2 |  0 |  0 |  0 | (R) (D) 1 |                     0 |
| Y1 |  0 |  0 |  0 |         0 |                     0 |
| Y0 |  0 |  0 |  0 |         0 |                     0 |
+----+----+----+----+-----------+-----------------------+


14. Device Cell Placement Summary for Global Clock g6
-----------------------------------------------------

+-----------+-----------------+-------------------+-----------------------------+-------------+---------------+----------+-------------+----------+----------------+----------+---------------------------------------------------------+
| Global Id | Driver Type/Pin | Driver Region (D) | Clock                       | Period (ns) | Waveform (ns) | Root (R) | Slice Loads | IO Loads | Clocking Loads | GT Loads | Net                                                     |
+-----------+-----------------+-------------------+-----------------------------+-------------+---------------+----------+-------------+----------+----------------+----------+---------------------------------------------------------+
| g6        | BUFGCE/O        | X2Y2              | clkfbout_tpu_transmit_clock |       8.000 | {0.000 4.000} | X1Y2     |           0 |        0 |              1 |        0 | tpu_transmit_clock/inst/clkfbout_buf_tpu_transmit_clock |
+-----------+-----------------+-------------------+-----------------------------+-------------+---------------+----------+-------------+----------+----------------+----------+---------------------------------------------------------+
* Slice Loads column represents load cell count of all cell types other than IO, GT and clock resources
** IO Loads column represents load cell count of IO types
*** Clocking Loads column represents load cell count that are clock resources (global clock buffer, MMCM, PLL, etc)
**** GT Loads column represents load cell count of GT types


+----+----+-------+--------+----+-----------------------+
|    | X0 | X1    | X2     | X3 | HORIZONTAL PROG DELAY |
+----+----+-------+--------+----+-----------------------+
| Y4 |  0 |     0 |      0 |  0 |                     0 |
| Y3 |  0 |     0 |      0 |  0 |                     0 |
| Y2 |  0 | (R) 0 |  (D) 1 |  0 |                     2 |
| Y1 |  0 |     0 |      0 |  0 |                     0 |
| Y0 |  0 |     0 |      0 |  0 |                     0 |
+----+----+-------+--------+----+-----------------------+


15. Clock Region Cell Placement per Global Clock: Region X0Y0
-------------------------------------------------------------

+-----------+-------+-----------------+------------+-------------+-----------------+-----+--------+------+-----+----+------+-----+---------+----------------------------------+
| Global Id | Track | Driver Type/Pin | Constraint | Clock Loads | Non-Clock Loads | FF  | LUTRAM | RAMB | DSP | GT | MMCM | PLL | Hard IP | Net                              |
+-----------+-------+-----------------+------------+-------------+-----------------+-----+--------+------+-----+----+------+-----+---------+----------------------------------+
| g0        | 0     | BUFGCE/O        | None       |         102 |               0 | 100 |      0 |    2 |   0 |  0 |    0 |   0 |       0 | tpu_transmit_clock/inst/clk_out1 |
+-----------+-------+-----------------+------------+-------------+-----------------+-----+--------+------+-----+----+------+-----+---------+----------------------------------+
* Clock Loads column represents the clock pin loads (pin count)
** Non-Clock Loads column represents the non-clock pin loads (pin count)
*** Columns FF, LUTRAM, RAMB through 'Hard IP' represents load cell counts


16. Clock Region Cell Placement per Global Clock: Region X1Y0
-------------------------------------------------------------

+-----------+-------+-----------------+------------+-------------+-----------------+------+--------+------+-----+----+------+-----+---------+----------------------------------+
| Global Id | Track | Driver Type/Pin | Constraint | Clock Loads | Non-Clock Loads | FF   | LUTRAM | RAMB | DSP | GT | MMCM | PLL | Hard IP | Net                              |
+-----------+-------+-----------------+------------+-------------+-----------------+------+--------+------+-----+----+------+-----+---------+----------------------------------+
| g0        | 0     | BUFGCE/O        | None       |        3243 |               0 | 3235 |      2 |    6 |   0 |  0 |    0 |   0 |       0 | tpu_transmit_clock/inst/clk_out1 |
+-----------+-------+-----------------+------------+-------------+-----------------+------+--------+------+-----+----+------+-----+---------+----------------------------------+
* Clock Loads column represents the clock pin loads (pin count)
** Non-Clock Loads column represents the non-clock pin loads (pin count)
*** Columns FF, LUTRAM, RAMB through 'Hard IP' represents load cell counts


17. Clock Region Cell Placement per Global Clock: Region X2Y0
-------------------------------------------------------------

+-----------+-------+-----------------+------------+-------------+-----------------+------+--------+------+-----+----+------+-----+---------+----------------------------------+
| Global Id | Track | Driver Type/Pin | Constraint | Clock Loads | Non-Clock Loads | FF   | LUTRAM | RAMB | DSP | GT | MMCM | PLL | Hard IP | Net                              |
+-----------+-------+-----------------+------------+-------------+-----------------+------+--------+------+-----+----+------+-----+---------+----------------------------------+
| g0        | 0     | BUFGCE/O        | None       |        3843 |               0 | 3836 |      0 |    7 |   0 |  0 |    0 |   0 |       0 | tpu_transmit_clock/inst/clk_out1 |
+-----------+-------+-----------------+------------+-------------+-----------------+------+--------+------+-----+----+------+-----+---------+----------------------------------+
* Clock Loads column represents the clock pin loads (pin count)
** Non-Clock Loads column represents the non-clock pin loads (pin count)
*** Columns FF, LUTRAM, RAMB through 'Hard IP' represents load cell counts


18. Clock Region Cell Placement per Global Clock: Region X3Y0
-------------------------------------------------------------

+-----------+-------+-----------------+------------+-------------+-----------------+------+--------+------+-----+----+------+-----+---------+----------------------------------+
| Global Id | Track | Driver Type/Pin | Constraint | Clock Loads | Non-Clock Loads | FF   | LUTRAM | RAMB | DSP | GT | MMCM | PLL | Hard IP | Net                              |
+-----------+-------+-----------------+------------+-------------+-----------------+------+--------+------+-----+----+------+-----+---------+----------------------------------+
| g0        | 0     | BUFGCE/O        | None       |        1836 |               0 | 1834 |      2 |    0 |   0 |  0 |    0 |   0 |       0 | tpu_transmit_clock/inst/clk_out1 |
+-----------+-------+-----------------+------------+-------------+-----------------+------+--------+------+-----+----+------+-----+---------+----------------------------------+
* Clock Loads column represents the clock pin loads (pin count)
** Non-Clock Loads column represents the non-clock pin loads (pin count)
*** Columns FF, LUTRAM, RAMB through 'Hard IP' represents load cell counts


19. Clock Region Cell Placement per Global Clock: Region X0Y1
-------------------------------------------------------------

+-----------+-------+-----------------+------------+-------------+-----------------+-----+--------+------+-----+----+------+-----+---------+----------------------------------+
| Global Id | Track | Driver Type/Pin | Constraint | Clock Loads | Non-Clock Loads | FF  | LUTRAM | RAMB | DSP | GT | MMCM | PLL | Hard IP | Net                              |
+-----------+-------+-----------------+------------+-------------+-----------------+-----+--------+------+-----+----+------+-----+---------+----------------------------------+
| g0        | 0     | BUFGCE/O        | None       |         438 |               0 | 434 |      0 |    4 |   0 |  0 |    0 |   0 |       0 | tpu_transmit_clock/inst/clk_out1 |
+-----------+-------+-----------------+------------+-------------+-----------------+-----+--------+------+-----+----+------+-----+---------+----------------------------------+
* Clock Loads column represents the clock pin loads (pin count)
** Non-Clock Loads column represents the non-clock pin loads (pin count)
*** Columns FF, LUTRAM, RAMB through 'Hard IP' represents load cell counts


20. Clock Region Cell Placement per Global Clock: Region X1Y1
-------------------------------------------------------------

+-----------+-------+-----------------+------------+-------------+-----------------+------+--------+------+-----+----+------+-----+---------+----------------------------------+
| Global Id | Track | Driver Type/Pin | Constraint | Clock Loads | Non-Clock Loads | FF   | LUTRAM | RAMB | DSP | GT | MMCM | PLL | Hard IP | Net                              |
+-----------+-------+-----------------+------------+-------------+-----------------+------+--------+------+-----+----+------+-----+---------+----------------------------------+
| g0        | 0     | BUFGCE/O        | None       |        3559 |               0 | 3546 |     11 |    2 |   0 |  0 |    0 |   0 |       0 | tpu_transmit_clock/inst/clk_out1 |
+-----------+-------+-----------------+------------+-------------+-----------------+------+--------+------+-----+----+------+-----+---------+----------------------------------+
* Clock Loads column represents the clock pin loads (pin count)
** Non-Clock Loads column represents the non-clock pin loads (pin count)
*** Columns FF, LUTRAM, RAMB through 'Hard IP' represents load cell counts


21. Clock Region Cell Placement per Global Clock: Region X2Y1
-------------------------------------------------------------

+-----------+-------+-----------------+------------+-------------+-----------------+------+--------+------+-----+----+------+-----+---------+----------------------------------+
| Global Id | Track | Driver Type/Pin | Constraint | Clock Loads | Non-Clock Loads | FF   | LUTRAM | RAMB | DSP | GT | MMCM | PLL | Hard IP | Net                              |
+-----------+-------+-----------------+------------+-------------+-----------------+------+--------+------+-----+----+------+-----+---------+----------------------------------+
| g0        | 0     | BUFGCE/O        | None       |        3548 |               0 | 3543 |      2 |    3 |   0 |  0 |    0 |   0 |       0 | tpu_transmit_clock/inst/clk_out1 |
+-----------+-------+-----------------+------------+-------------+-----------------+------+--------+------+-----+----+------+-----+---------+----------------------------------+
* Clock Loads column represents the clock pin loads (pin count)
** Non-Clock Loads column represents the non-clock pin loads (pin count)
*** Columns FF, LUTRAM, RAMB through 'Hard IP' represents load cell counts


22. Clock Region Cell Placement per Global Clock: Region X3Y1
-------------------------------------------------------------

+-----------+-------+-----------------+------------+-------------+-----------------+------+--------+------+-----+----+------+-----+---------+----------------------------------+
| Global Id | Track | Driver Type/Pin | Constraint | Clock Loads | Non-Clock Loads | FF   | LUTRAM | RAMB | DSP | GT | MMCM | PLL | Hard IP | Net                              |
+-----------+-------+-----------------+------------+-------------+-----------------+------+--------+------+-----+----+------+-----+---------+----------------------------------+
| g0        | 0     | BUFGCE/O        | None       |        1108 |               0 | 1099 |      9 |    0 |   0 |  0 |    0 |   0 |       0 | tpu_transmit_clock/inst/clk_out1 |
+-----------+-------+-----------------+------------+-------------+-----------------+------+--------+------+-----+----+------+-----+---------+----------------------------------+
* Clock Loads column represents the clock pin loads (pin count)
** Non-Clock Loads column represents the non-clock pin loads (pin count)
*** Columns FF, LUTRAM, RAMB through 'Hard IP' represents load cell counts


23. Clock Region Cell Placement per Global Clock: Region X0Y2
-------------------------------------------------------------

+-----------+-------+-----------------+------------+-------------+-----------------+-----+--------+------+-----+----+------+-----+---------+----------------------------------+
| Global Id | Track | Driver Type/Pin | Constraint | Clock Loads | Non-Clock Loads | FF  | LUTRAM | RAMB | DSP | GT | MMCM | PLL | Hard IP | Net                              |
+-----------+-------+-----------------+------------+-------------+-----------------+-----+--------+------+-----+----+------+-----+---------+----------------------------------+
| g0        | 0     | BUFGCE/O        | None       |         114 |               0 | 114 |      0 |    0 |   0 |  0 |    0 |   0 |       0 | tpu_transmit_clock/inst/clk_out1 |
+-----------+-------+-----------------+------------+-------------+-----------------+-----+--------+------+-----+----+------+-----+---------+----------------------------------+
* Clock Loads column represents the clock pin loads (pin count)
** Non-Clock Loads column represents the non-clock pin loads (pin count)
*** Columns FF, LUTRAM, RAMB through 'Hard IP' represents load cell counts


24. Clock Region Cell Placement per Global Clock: Region X1Y2
-------------------------------------------------------------

+-----------+-------+-----------------+------------+-------------+-----------------+------+--------+------+-----+----+------+-----+---------+---------------------------------------------------------+
| Global Id | Track | Driver Type/Pin | Constraint | Clock Loads | Non-Clock Loads | FF   | LUTRAM | RAMB | DSP | GT | MMCM | PLL | Hard IP | Net                                                     |
+-----------+-------+-----------------+------------+-------------+-----------------+------+--------+------+-----+----+------+-----+---------+---------------------------------------------------------+
| g0        | 0     | BUFGCE/O        | None       |        2715 |               0 | 2701 |      9 |    5 |   0 |  0 |    0 |   0 |       0 | tpu_transmit_clock/inst/clk_out1                        |
| g6+       | 1     | BUFGCE/O        | None       |           0 |               0 |    0 |      0 |    0 |   0 |  0 |    0 |   0 |       0 | tpu_transmit_clock/inst/clkfbout_buf_tpu_transmit_clock |
+-----------+-------+-----------------+------------+-------------+-----------------+------+--------+------+-----+----+------+-----+---------+---------------------------------------------------------+
* Clock Loads column represents the clock pin loads (pin count)
** Non-Clock Loads column represents the non-clock pin loads (pin count)
*** Columns FF, LUTRAM, RAMB through 'Hard IP' represents load cell counts
**** In Global Id column, sympbol '+' indicates that global clock was used only to route through the clock region.


25. Clock Region Cell Placement per Global Clock: Region X2Y2
-------------------------------------------------------------

+-----------+-------+-----------------+------------+-------------+-----------------+------+--------+------+-----+----+------+-----+---------+-----------------------------------------------------------------------------------------------------------------------------------------------+
| Global Id | Track | Driver Type/Pin | Constraint | Clock Loads | Non-Clock Loads | FF   | LUTRAM | RAMB | DSP | GT | MMCM | PLL | Hard IP | Net                                                                                                                                           |
+-----------+-------+-----------------+------------+-------------+-----------------+------+--------+------+-----+----+------+-----+---------+-----------------------------------------------------------------------------------------------------------------------------------------------+
| g0        | 0     | BUFGCE/O        | None       |        3615 |               0 | 3595 |     20 |    0 |   0 |  0 |    0 |   0 |       0 | tpu_transmit_clock/inst/clk_out1                                                                                                              |
| g1        | 23    | BUFG_GT/O       | None       |         357 |               0 |  352 |      0 |    5 |   0 |  0 |    0 |   0 |       0 | mainnet_down10g/mac_phy_wrapper_i/mac_phy_i/mac_phy_ch0/ten_gig_eth_pcs_pma_ch0/inst/ten_gig_eth_pcs_pma_shared_clock_reset_block/coreclk_out |
| g6        | 1     | BUFGCE/O        | None       |           0 |               1 |    0 |      0 |    0 |   0 |  0 |    1 |   0 |       0 | tpu_transmit_clock/inst/clkfbout_buf_tpu_transmit_clock                                                                                       |
+-----------+-------+-----------------+------------+-------------+-----------------+------+--------+------+-----+----+------+-----+---------+-----------------------------------------------------------------------------------------------------------------------------------------------+
* Clock Loads column represents the clock pin loads (pin count)
** Non-Clock Loads column represents the non-clock pin loads (pin count)
*** Columns FF, LUTRAM, RAMB through 'Hard IP' represents load cell counts


26. Clock Region Cell Placement per Global Clock: Region X3Y2
-------------------------------------------------------------

+-----------+-------+-----------------+------------+-------------+-----------------+------+--------+------+-----+----+------+-----+---------+-------------------------------------------------------------------------------------------------------------------------------------------------------------------------------------------+
| Global Id | Track | Driver Type/Pin | Constraint | Clock Loads | Non-Clock Loads | FF   | LUTRAM | RAMB | DSP | GT | MMCM | PLL | Hard IP | Net                                                                                                                                                                                       |
+-----------+-------+-----------------+------------+-------------+-----------------+------+--------+------+-----+----+------+-----+---------+-------------------------------------------------------------------------------------------------------------------------------------------------------------------------------------------+
| g1        | 23    | BUFG_GT/O       | None       |        1663 |               0 | 1661 |      1 |    0 |   0 |  1 |    0 |   0 |       0 | mainnet_down10g/mac_phy_wrapper_i/mac_phy_i/mac_phy_ch0/ten_gig_eth_pcs_pma_ch0/inst/ten_gig_eth_pcs_pma_shared_clock_reset_block/coreclk_out                                             |
| g2        | 21    | BUFG_GT/O       | None       |        1518 |               0 | 1517 |      0 |    0 |   0 |  1 |    0 |   0 |       0 | mainnet_down10g/mac_phy_wrapper_i/mac_phy_i/mac_phy_ch0/ten_gig_eth_pcs_pma_ch0/inst/ten_gig_eth_pcs_pma_shared_clock_reset_block/CLK                                                     |
| g4        | 2     | BUFG_GT/O       | None       |        1306 |               0 | 1305 |      0 |    0 |   0 |  1 |    0 |   0 |       0 | mainnet_down10g/mac_phy_wrapper_i/mac_phy_i/mac_phy_ch0/ten_gig_eth_pcs_pma_ch0/inst/ten_gig_eth_pcs_pma_block_i/mac_phy_ten_gig_eth_pcs_pma_ch0_0_local_clock_reset_block/CLK            |
| g5        | 3     | BUFG_GT/O       | None       |           1 |               0 |    0 |      0 |    0 |   0 |  1 |    0 |   0 |       0 | mainnet_down10g/mac_phy_wrapper_i/mac_phy_i/mac_phy_ch0/ten_gig_eth_pcs_pma_ch0/inst/ten_gig_eth_pcs_pma_block_i/mac_phy_ten_gig_eth_pcs_pma_ch0_0_local_clock_reset_block/rxusrclk_in[0] |
| g3        | 22    | BUFG_GT/O       | None       |           1 |               0 |    0 |      0 |    0 |   0 |  1 |    0 |   0 |       0 | mainnet_down10g/mac_phy_wrapper_i/mac_phy_i/mac_phy_ch0/ten_gig_eth_pcs_pma_ch0/inst/ten_gig_eth_pcs_pma_shared_clock_reset_block/txusrclk_out                                            |
+-----------+-------+-----------------+------------+-------------+-----------------+------+--------+------+-----+----+------+-----+---------+-------------------------------------------------------------------------------------------------------------------------------------------------------------------------------------------+
* Clock Loads column represents the clock pin loads (pin count)
** Non-Clock Loads column represents the non-clock pin loads (pin count)
*** Columns FF, LUTRAM, RAMB through 'Hard IP' represents load cell counts


27. Clock Region Cell Placement per Global Clock: Region X0Y3
-------------------------------------------------------------

+-----------+-------+-----------------+------------+-------------+-----------------+------+--------+------+-----+----+------+-----+---------+----------------------------------+
| Global Id | Track | Driver Type/Pin | Constraint | Clock Loads | Non-Clock Loads | FF   | LUTRAM | RAMB | DSP | GT | MMCM | PLL | Hard IP | Net                              |
+-----------+-------+-----------------+------------+-------------+-----------------+------+--------+------+-----+----+------+-----+---------+----------------------------------+
| g0        | 0     | BUFGCE/O        | None       |        1323 |               0 | 1312 |     11 |    0 |   0 |  0 |    0 |   0 |       0 | tpu_transmit_clock/inst/clk_out1 |
+-----------+-------+-----------------+------------+-------------+-----------------+------+--------+------+-----+----+------+-----+---------+----------------------------------+
* Clock Loads column represents the clock pin loads (pin count)
** Non-Clock Loads column represents the non-clock pin loads (pin count)
*** Columns FF, LUTRAM, RAMB through 'Hard IP' represents load cell counts


28. Clock Region Cell Placement per Global Clock: Region X1Y3
-------------------------------------------------------------

+-----------+-------+-----------------+------------+-------------+-----------------+------+--------+------+-----+----+------+-----+---------+----------------------------------+
| Global Id | Track | Driver Type/Pin | Constraint | Clock Loads | Non-Clock Loads | FF   | LUTRAM | RAMB | DSP | GT | MMCM | PLL | Hard IP | Net                              |
+-----------+-------+-----------------+------------+-------------+-----------------+------+--------+------+-----+----+------+-----+---------+----------------------------------+
| g0        | 0     | BUFGCE/O        | None       |        3487 |               0 | 3484 |      0 |    3 |   0 |  0 |    0 |   0 |       0 | tpu_transmit_clock/inst/clk_out1 |
+-----------+-------+-----------------+------------+-------------+-----------------+------+--------+------+-----+----+------+-----+---------+----------------------------------+
* Clock Loads column represents the clock pin loads (pin count)
** Non-Clock Loads column represents the non-clock pin loads (pin count)
*** Columns FF, LUTRAM, RAMB through 'Hard IP' represents load cell counts


29. Clock Region Cell Placement per Global Clock: Region X2Y3
-------------------------------------------------------------

+-----------+-------+-----------------+------------+-------------+-----------------+------+--------+------+-----+----+------+-----+---------+-----------------------------------------------------------------------------------------------------------------------------------------------+
| Global Id | Track | Driver Type/Pin | Constraint | Clock Loads | Non-Clock Loads | FF   | LUTRAM | RAMB | DSP | GT | MMCM | PLL | Hard IP | Net                                                                                                                                           |
+-----------+-------+-----------------+------------+-------------+-----------------+------+--------+------+-----+----+------+-----+---------+-----------------------------------------------------------------------------------------------------------------------------------------------+
| g0        | 0     | BUFGCE/O        | None       |        3947 |               0 | 3924 |     18 |    5 |   0 |  0 |    0 |   0 |       0 | tpu_transmit_clock/inst/clk_out1                                                                                                              |
| g1        | 23    | BUFG_GT/O       | None       |          12 |               0 |   12 |      0 |    0 |   0 |  0 |    0 |   0 |       0 | mainnet_down10g/mac_phy_wrapper_i/mac_phy_i/mac_phy_ch0/ten_gig_eth_pcs_pma_ch0/inst/ten_gig_eth_pcs_pma_shared_clock_reset_block/coreclk_out |
+-----------+-------+-----------------+------------+-------------+-----------------+------+--------+------+-----+----+------+-----+---------+-----------------------------------------------------------------------------------------------------------------------------------------------+
* Clock Loads column represents the clock pin loads (pin count)
** Non-Clock Loads column represents the non-clock pin loads (pin count)
*** Columns FF, LUTRAM, RAMB through 'Hard IP' represents load cell counts


30. Clock Region Cell Placement per Global Clock: Region X3Y3
-------------------------------------------------------------

+-----------+-------+-----------------+------------+-------------+-----------------+-----+--------+------+-----+----+------+-----+---------+-----------------------------------------------------------------------------------------------------------------------------------------------+
| Global Id | Track | Driver Type/Pin | Constraint | Clock Loads | Non-Clock Loads | FF  | LUTRAM | RAMB | DSP | GT | MMCM | PLL | Hard IP | Net                                                                                                                                           |
+-----------+-------+-----------------+------------+-------------+-----------------+-----+--------+------+-----+----+------+-----+---------+-----------------------------------------------------------------------------------------------------------------------------------------------+
| g0        | 0     | BUFGCE/O        | None       |         703 |               0 | 698 |      0 |    5 |   0 |  0 |    0 |   0 |       0 | tpu_transmit_clock/inst/clk_out1                                                                                                              |
| g1        | 23    | BUFG_GT/O       | None       |        1009 |               0 | 988 |     16 |    5 |   0 |  0 |    0 |   0 |       0 | mainnet_down10g/mac_phy_wrapper_i/mac_phy_i/mac_phy_ch0/ten_gig_eth_pcs_pma_ch0/inst/ten_gig_eth_pcs_pma_shared_clock_reset_block/coreclk_out |
+-----------+-------+-----------------+------------+-------------+-----------------+-----+--------+------+-----+----+------+-----+---------+-----------------------------------------------------------------------------------------------------------------------------------------------+
* Clock Loads column represents the clock pin loads (pin count)
** Non-Clock Loads column represents the non-clock pin loads (pin count)
*** Columns FF, LUTRAM, RAMB through 'Hard IP' represents load cell counts


31. Clock Region Cell Placement per Global Clock: Region X0Y4
-------------------------------------------------------------

+-----------+-------+-----------------+------------+-------------+-----------------+-----+--------+------+-----+----+------+-----+---------+----------------------------------+
| Global Id | Track | Driver Type/Pin | Constraint | Clock Loads | Non-Clock Loads | FF  | LUTRAM | RAMB | DSP | GT | MMCM | PLL | Hard IP | Net                              |
+-----------+-------+-----------------+------------+-------------+-----------------+-----+--------+------+-----+----+------+-----+---------+----------------------------------+
| g0        | 0     | BUFGCE/O        | None       |         475 |               0 | 472 |      0 |    3 |   0 |  0 |    0 |   0 |       0 | tpu_transmit_clock/inst/clk_out1 |
+-----------+-------+-----------------+------------+-------------+-----------------+-----+--------+------+-----+----+------+-----+---------+----------------------------------+
* Clock Loads column represents the clock pin loads (pin count)
** Non-Clock Loads column represents the non-clock pin loads (pin count)
*** Columns FF, LUTRAM, RAMB through 'Hard IP' represents load cell counts


32. Clock Region Cell Placement per Global Clock: Region X1Y4
-------------------------------------------------------------

+-----------+-------+-----------------+------------+-------------+-----------------+------+--------+------+-----+----+------+-----+---------+----------------------------------+
| Global Id | Track | Driver Type/Pin | Constraint | Clock Loads | Non-Clock Loads | FF   | LUTRAM | RAMB | DSP | GT | MMCM | PLL | Hard IP | Net                              |
+-----------+-------+-----------------+------------+-------------+-----------------+------+--------+------+-----+----+------+-----+---------+----------------------------------+
| g0        | 0     | BUFGCE/O        | None       |        3585 |               0 | 3577 |      2 |    6 |   0 |  0 |    0 |   0 |       0 | tpu_transmit_clock/inst/clk_out1 |
+-----------+-------+-----------------+------------+-------------+-----------------+------+--------+------+-----+----+------+-----+---------+----------------------------------+
* Clock Loads column represents the clock pin loads (pin count)
** Non-Clock Loads column represents the non-clock pin loads (pin count)
*** Columns FF, LUTRAM, RAMB through 'Hard IP' represents load cell counts


33. Clock Region Cell Placement per Global Clock: Region X2Y4
-------------------------------------------------------------

+-----------+-------+-----------------+------------+-------------+-----------------+------+--------+------+-----+----+------+-----+---------+----------------------------------+
| Global Id | Track | Driver Type/Pin | Constraint | Clock Loads | Non-Clock Loads | FF   | LUTRAM | RAMB | DSP | GT | MMCM | PLL | Hard IP | Net                              |
+-----------+-------+-----------------+------------+-------------+-----------------+------+--------+------+-----+----+------+-----+---------+----------------------------------+
| g0        | 0     | BUFGCE/O        | None       |        3509 |               0 | 3505 |      2 |    2 |   0 |  0 |    0 |   0 |       0 | tpu_transmit_clock/inst/clk_out1 |
+-----------+-------+-----------------+------------+-------------+-----------------+------+--------+------+-----+----+------+-----+---------+----------------------------------+
* Clock Loads column represents the clock pin loads (pin count)
** Non-Clock Loads column represents the non-clock pin loads (pin count)
*** Columns FF, LUTRAM, RAMB through 'Hard IP' represents load cell counts


34. Clock Region Cell Placement per Global Clock: Region X3Y4
-------------------------------------------------------------

+-----------+-------+-----------------+------------+-------------+-----------------+----+--------+------+-----+----+------+-----+---------+----------------------------------+
| Global Id | Track | Driver Type/Pin | Constraint | Clock Loads | Non-Clock Loads | FF | LUTRAM | RAMB | DSP | GT | MMCM | PLL | Hard IP | Net                              |
+-----------+-------+-----------------+------------+-------------+-----------------+----+--------+------+-----+----+------+-----+---------+----------------------------------+
| g0        | 0     | BUFGCE/O        | None       |           2 |               0 |  2 |      0 |    0 |   0 |  0 |    0 |   0 |       0 | tpu_transmit_clock/inst/clk_out1 |
+-----------+-------+-----------------+------------+-------------+-----------------+----+--------+------+-----+----+------+-----+---------+----------------------------------+
* Clock Loads column represents the clock pin loads (pin count)
** Non-Clock Loads column represents the non-clock pin loads (pin count)
*** Columns FF, LUTRAM, RAMB through 'Hard IP' represents load cell counts


