Copyright 1986-2020 Xilinx, Inc. All Rights Reserved.
--------------------------------------------------------------------------------------------------------------------------------------------------------------------------
| Tool Version      : Vivado v.2020.2 (win64) Build 3064766 Wed Nov 18 09:12:45 MST 2020
| Date              : Fri Dec  4 11:00:00 2020
| Host              : DESKTOP-4A374NS running 64-bit major release  (build 9200)
| Command           : report_bus_skew -warn_on_violation -file tpu_transmit_bus_skew_routed.rpt -pb tpu_transmit_bus_skew_routed.pb -rpx tpu_transmit_bus_skew_routed.rpx
| Design            : tpu_transmit
| Device            : xcku040-ffva1156
| Speed File        : -2  PRODUCTION 1.25 12-04-2018
| Temperature Grade : E
--------------------------------------------------------------------------------------------------------------------------------------------------------------------------

Bus Skew Report

Table of Contents
-----------------
1. Bus Skew Report Summary
2. Bus Skew Report Per Constraint

1. Bus Skew Report Summary
--------------------------

Id  Position  From                            To                              Corner  Requirement(ns)  Actual(ns)  Slack(ns)
--  --------  ------------------------------  ------------------------------  ------  ---------------  ----------  ---------
1   89        [get_cells [list {mainnet_down10g/axi_stream_gen_mon_0/axi_stream_interface/bb_interface_fifo_rx/inst/gen_fifo.xpm_fifo_axis_inst/gaxis_pkt_fifo_ic.wpkt_cnt_cdc_inst/src_gray_ff_reg[0]} \
          {mainnet_down10g/axi_stream_gen_mon_0/axi_stream_interface/bb_interface_fifo_rx/inst/gen_fifo.xpm_fifo_axis_inst/gaxis_pkt_fifo_ic.wpkt_cnt_cdc_inst/src_gray_ff_reg[10]} \
          {mainnet_down10g/axi_stream_gen_mon_0/axi_stream_interface/bb_interface_fifo_rx/inst/gen_fifo.xpm_fifo_axis_inst/gaxis_pkt_fifo_ic.wpkt_cnt_cdc_inst/src_gray_ff_reg[1]} \
          {mainnet_down10g/axi_stream_gen_mon_0/axi_stream_interface/bb_interface_fifo_rx/inst/gen_fifo.xpm_fifo_axis_inst/gaxis_pkt_fifo_ic.wpkt_cnt_cdc_inst/src_gray_ff_reg[2]} \
          {mainnet_down10g/axi_stream_gen_mon_0/axi_stream_interface/bb_interface_fifo_rx/inst/gen_fifo.xpm_fifo_axis_inst/gaxis_pkt_fifo_ic.wpkt_cnt_cdc_inst/src_gray_ff_reg[3]} \
          {mainnet_down10g/axi_stream_gen_mon_0/axi_stream_interface/bb_interface_fifo_rx/inst/gen_fifo.xpm_fifo_axis_inst/gaxis_pkt_fifo_ic.wpkt_cnt_cdc_inst/src_gray_ff_reg[4]} \
          {mainnet_down10g/axi_stream_gen_mon_0/axi_stream_interface/bb_interface_fifo_rx/inst/gen_fifo.xpm_fifo_axis_inst/gaxis_pkt_fifo_ic.wpkt_cnt_cdc_inst/src_gray_ff_reg[5]} \
          {mainnet_down10g/axi_stream_gen_mon_0/axi_stream_interface/bb_interface_fifo_rx/inst/gen_fifo.xpm_fifo_axis_inst/gaxis_pkt_fifo_ic.wpkt_cnt_cdc_inst/src_gray_ff_reg[6]} \
          {mainnet_down10g/axi_stream_gen_mon_0/axi_stream_interface/bb_interface_fifo_rx/inst/gen_fifo.xpm_fifo_axis_inst/gaxis_pkt_fifo_ic.wpkt_cnt_cdc_inst/src_gray_ff_reg[7]} \
          {mainnet_down10g/axi_stream_gen_mon_0/axi_stream_interface/bb_interface_fifo_rx/inst/gen_fifo.xpm_fifo_axis_inst/gaxis_pkt_fifo_ic.wpkt_cnt_cdc_inst/src_gray_ff_reg[8]} \
          {mainnet_down10g/axi_stream_gen_mon_0/axi_stream_interface/bb_interface_fifo_rx/inst/gen_fifo.xpm_fifo_axis_inst/gaxis_pkt_fifo_ic.wpkt_cnt_cdc_inst/src_gray_ff_reg[9]}]]
                                              [get_cells [list {mainnet_down10g/axi_stream_gen_mon_0/axi_stream_interface/bb_interface_fifo_rx/inst/gen_fifo.xpm_fifo_axis_inst/gaxis_pkt_fifo_ic.wpkt_cnt_cdc_inst/dest_graysync_ff_reg[0][0]} \
          {mainnet_down10g/axi_stream_gen_mon_0/axi_stream_interface/bb_interface_fifo_rx/inst/gen_fifo.xpm_fifo_axis_inst/gaxis_pkt_fifo_ic.wpkt_cnt_cdc_inst/dest_graysync_ff_reg[0][10]} \
          {mainnet_down10g/axi_stream_gen_mon_0/axi_stream_interface/bb_interface_fifo_rx/inst/gen_fifo.xpm_fifo_axis_inst/gaxis_pkt_fifo_ic.wpkt_cnt_cdc_inst/dest_graysync_ff_reg[0][1]} \
          {mainnet_down10g/axi_stream_gen_mon_0/axi_stream_interface/bb_interface_fifo_rx/inst/gen_fifo.xpm_fifo_axis_inst/gaxis_pkt_fifo_ic.wpkt_cnt_cdc_inst/dest_graysync_ff_reg[0][2]} \
          {mainnet_down10g/axi_stream_gen_mon_0/axi_stream_interface/bb_interface_fifo_rx/inst/gen_fifo.xpm_fifo_axis_inst/gaxis_pkt_fifo_ic.wpkt_cnt_cdc_inst/dest_graysync_ff_reg[0][3]} \
          {mainnet_down10g/axi_stream_gen_mon_0/axi_stream_interface/bb_interface_fifo_rx/inst/gen_fifo.xpm_fifo_axis_inst/gaxis_pkt_fifo_ic.wpkt_cnt_cdc_inst/dest_graysync_ff_reg[0][4]} \
          {mainnet_down10g/axi_stream_gen_mon_0/axi_stream_interface/bb_interface_fifo_rx/inst/gen_fifo.xpm_fifo_axis_inst/gaxis_pkt_fifo_ic.wpkt_cnt_cdc_inst/dest_graysync_ff_reg[0][5]} \
          {mainnet_down10g/axi_stream_gen_mon_0/axi_stream_interface/bb_interface_fifo_rx/inst/gen_fifo.xpm_fifo_axis_inst/gaxis_pkt_fifo_ic.wpkt_cnt_cdc_inst/dest_graysync_ff_reg[0][6]} \
          {mainnet_down10g/axi_stream_gen_mon_0/axi_stream_interface/bb_interface_fifo_rx/inst/gen_fifo.xpm_fifo_axis_inst/gaxis_pkt_fifo_ic.wpkt_cnt_cdc_inst/dest_graysync_ff_reg[0][7]} \
          {mainnet_down10g/axi_stream_gen_mon_0/axi_stream_interface/bb_interface_fifo_rx/inst/gen_fifo.xpm_fifo_axis_inst/gaxis_pkt_fifo_ic.wpkt_cnt_cdc_inst/dest_graysync_ff_reg[0][8]} \
          {mainnet_down10g/axi_stream_gen_mon_0/axi_stream_interface/bb_interface_fifo_rx/inst/gen_fifo.xpm_fifo_axis_inst/gaxis_pkt_fifo_ic.wpkt_cnt_cdc_inst/dest_graysync_ff_reg[0][9]}]]
                                                                              Slow              4.000       0.774      3.226
2   91        [get_cells [list {mainnet_down10g/axi_stream_gen_mon_0/axi_stream_interface/bb_interface_fifo_rx/inst/gen_fifo.xpm_fifo_axis_inst/xpm_fifo_base_inst/gen_cdc_pntr.rd_pntr_cdc_inst/src_gray_ff_reg[0]} \
          {mainnet_down10g/axi_stream_gen_mon_0/axi_stream_interface/bb_interface_fifo_rx/inst/gen_fifo.xpm_fifo_axis_inst/xpm_fifo_base_inst/gen_cdc_pntr.rd_pntr_cdc_inst/src_gray_ff_reg[10]} \
          {mainnet_down10g/axi_stream_gen_mon_0/axi_stream_interface/bb_interface_fifo_rx/inst/gen_fifo.xpm_fifo_axis_inst/xpm_fifo_base_inst/gen_cdc_pntr.rd_pntr_cdc_inst/src_gray_ff_reg[1]} \
          {mainnet_down10g/axi_stream_gen_mon_0/axi_stream_interface/bb_interface_fifo_rx/inst/gen_fifo.xpm_fifo_axis_inst/xpm_fifo_base_inst/gen_cdc_pntr.rd_pntr_cdc_inst/src_gray_ff_reg[2]} \
          {mainnet_down10g/axi_stream_gen_mon_0/axi_stream_interface/bb_interface_fifo_rx/inst/gen_fifo.xpm_fifo_axis_inst/xpm_fifo_base_inst/gen_cdc_pntr.rd_pntr_cdc_inst/src_gray_ff_reg[3]} \
          {mainnet_down10g/axi_stream_gen_mon_0/axi_stream_interface/bb_interface_fifo_rx/inst/gen_fifo.xpm_fifo_axis_inst/xpm_fifo_base_inst/gen_cdc_pntr.rd_pntr_cdc_inst/src_gray_ff_reg[4]} \
          {mainnet_down10g/axi_stream_gen_mon_0/axi_stream_interface/bb_interface_fifo_rx/inst/gen_fifo.xpm_fifo_axis_inst/xpm_fifo_base_inst/gen_cdc_pntr.rd_pntr_cdc_inst/src_gray_ff_reg[5]} \
          {mainnet_down10g/axi_stream_gen_mon_0/axi_stream_interface/bb_interface_fifo_rx/inst/gen_fifo.xpm_fifo_axis_inst/xpm_fifo_base_inst/gen_cdc_pntr.rd_pntr_cdc_inst/src_gray_ff_reg[6]} \
          {mainnet_down10g/axi_stream_gen_mon_0/axi_stream_interface/bb_interface_fifo_rx/inst/gen_fifo.xpm_fifo_axis_inst/xpm_fifo_base_inst/gen_cdc_pntr.rd_pntr_cdc_inst/src_gray_ff_reg[7]} \
          {mainnet_down10g/axi_stream_gen_mon_0/axi_stream_interface/bb_interface_fifo_rx/inst/gen_fifo.xpm_fifo_axis_inst/xpm_fifo_base_inst/gen_cdc_pntr.rd_pntr_cdc_inst/src_gray_ff_reg[8]} \
          {mainnet_down10g/axi_stream_gen_mon_0/axi_stream_interface/bb_interface_fifo_rx/inst/gen_fifo.xpm_fifo_axis_inst/xpm_fifo_base_inst/gen_cdc_pntr.rd_pntr_cdc_inst/src_gray_ff_reg[9]}]]
                                              [get_cells [list {mainnet_down10g/axi_stream_gen_mon_0/axi_stream_interface/bb_interface_fifo_rx/inst/gen_fifo.xpm_fifo_axis_inst/xpm_fifo_base_inst/gen_cdc_pntr.rd_pntr_cdc_inst/dest_graysync_ff_reg[0][0]} \
          {mainnet_down10g/axi_stream_gen_mon_0/axi_stream_interface/bb_interface_fifo_rx/inst/gen_fifo.xpm_fifo_axis_inst/xpm_fifo_base_inst/gen_cdc_pntr.rd_pntr_cdc_inst/dest_graysync_ff_reg[0][10]} \
          {mainnet_down10g/axi_stream_gen_mon_0/axi_stream_interface/bb_interface_fifo_rx/inst/gen_fifo.xpm_fifo_axis_inst/xpm_fifo_base_inst/gen_cdc_pntr.rd_pntr_cdc_inst/dest_graysync_ff_reg[0][1]} \
          {mainnet_down10g/axi_stream_gen_mon_0/axi_stream_interface/bb_interface_fifo_rx/inst/gen_fifo.xpm_fifo_axis_inst/xpm_fifo_base_inst/gen_cdc_pntr.rd_pntr_cdc_inst/dest_graysync_ff_reg[0][2]} \
          {mainnet_down10g/axi_stream_gen_mon_0/axi_stream_interface/bb_interface_fifo_rx/inst/gen_fifo.xpm_fifo_axis_inst/xpm_fifo_base_inst/gen_cdc_pntr.rd_pntr_cdc_inst/dest_graysync_ff_reg[0][3]} \
          {mainnet_down10g/axi_stream_gen_mon_0/axi_stream_interface/bb_interface_fifo_rx/inst/gen_fifo.xpm_fifo_axis_inst/xpm_fifo_base_inst/gen_cdc_pntr.rd_pntr_cdc_inst/dest_graysync_ff_reg[0][4]} \
          {mainnet_down10g/axi_stream_gen_mon_0/axi_stream_interface/bb_interface_fifo_rx/inst/gen_fifo.xpm_fifo_axis_inst/xpm_fifo_base_inst/gen_cdc_pntr.rd_pntr_cdc_inst/dest_graysync_ff_reg[0][5]} \
          {mainnet_down10g/axi_stream_gen_mon_0/axi_stream_interface/bb_interface_fifo_rx/inst/gen_fifo.xpm_fifo_axis_inst/xpm_fifo_base_inst/gen_cdc_pntr.rd_pntr_cdc_inst/dest_graysync_ff_reg[0][6]} \
          {mainnet_down10g/axi_stream_gen_mon_0/axi_stream_interface/bb_interface_fifo_rx/inst/gen_fifo.xpm_fifo_axis_inst/xpm_fifo_base_inst/gen_cdc_pntr.rd_pntr_cdc_inst/dest_graysync_ff_reg[0][7]} \
          {mainnet_down10g/axi_stream_gen_mon_0/axi_stream_interface/bb_interface_fifo_rx/inst/gen_fifo.xpm_fifo_axis_inst/xpm_fifo_base_inst/gen_cdc_pntr.rd_pntr_cdc_inst/dest_graysync_ff_reg[0][8]} \
          {mainnet_down10g/axi_stream_gen_mon_0/axi_stream_interface/bb_interface_fifo_rx/inst/gen_fifo.xpm_fifo_axis_inst/xpm_fifo_base_inst/gen_cdc_pntr.rd_pntr_cdc_inst/dest_graysync_ff_reg[0][9]}]]
                                                                              Slow              4.000       0.975      3.025
3   93        [get_cells [list {mainnet_down10g/axi_stream_gen_mon_0/axi_stream_interface/bb_interface_fifo_rx/inst/gen_fifo.xpm_fifo_axis_inst/xpm_fifo_base_inst/gen_cdc_pntr.wr_pntr_cdc_inst/src_gray_ff_reg[0]} \
          {mainnet_down10g/axi_stream_gen_mon_0/axi_stream_interface/bb_interface_fifo_rx/inst/gen_fifo.xpm_fifo_axis_inst/xpm_fifo_base_inst/gen_cdc_pntr.wr_pntr_cdc_inst/src_gray_ff_reg[10]} \
          {mainnet_down10g/axi_stream_gen_mon_0/axi_stream_interface/bb_interface_fifo_rx/inst/gen_fifo.xpm_fifo_axis_inst/xpm_fifo_base_inst/gen_cdc_pntr.wr_pntr_cdc_inst/src_gray_ff_reg[1]} \
          {mainnet_down10g/axi_stream_gen_mon_0/axi_stream_interface/bb_interface_fifo_rx/inst/gen_fifo.xpm_fifo_axis_inst/xpm_fifo_base_inst/gen_cdc_pntr.wr_pntr_cdc_inst/src_gray_ff_reg[2]} \
          {mainnet_down10g/axi_stream_gen_mon_0/axi_stream_interface/bb_interface_fifo_rx/inst/gen_fifo.xpm_fifo_axis_inst/xpm_fifo_base_inst/gen_cdc_pntr.wr_pntr_cdc_inst/src_gray_ff_reg[3]} \
          {mainnet_down10g/axi_stream_gen_mon_0/axi_stream_interface/bb_interface_fifo_rx/inst/gen_fifo.xpm_fifo_axis_inst/xpm_fifo_base_inst/gen_cdc_pntr.wr_pntr_cdc_inst/src_gray_ff_reg[4]} \
          {mainnet_down10g/axi_stream_gen_mon_0/axi_stream_interface/bb_interface_fifo_rx/inst/gen_fifo.xpm_fifo_axis_inst/xpm_fifo_base_inst/gen_cdc_pntr.wr_pntr_cdc_inst/src_gray_ff_reg[5]} \
          {mainnet_down10g/axi_stream_gen_mon_0/axi_stream_interface/bb_interface_fifo_rx/inst/gen_fifo.xpm_fifo_axis_inst/xpm_fifo_base_inst/gen_cdc_pntr.wr_pntr_cdc_inst/src_gray_ff_reg[6]} \
          {mainnet_down10g/axi_stream_gen_mon_0/axi_stream_interface/bb_interface_fifo_rx/inst/gen_fifo.xpm_fifo_axis_inst/xpm_fifo_base_inst/gen_cdc_pntr.wr_pntr_cdc_inst/src_gray_ff_reg[7]} \
          {mainnet_down10g/axi_stream_gen_mon_0/axi_stream_interface/bb_interface_fifo_rx/inst/gen_fifo.xpm_fifo_axis_inst/xpm_fifo_base_inst/gen_cdc_pntr.wr_pntr_cdc_inst/src_gray_ff_reg[8]} \
          {mainnet_down10g/axi_stream_gen_mon_0/axi_stream_interface/bb_interface_fifo_rx/inst/gen_fifo.xpm_fifo_axis_inst/xpm_fifo_base_inst/gen_cdc_pntr.wr_pntr_cdc_inst/src_gray_ff_reg[9]}]]
                                              [get_cells [list {mainnet_down10g/axi_stream_gen_mon_0/axi_stream_interface/bb_interface_fifo_rx/inst/gen_fifo.xpm_fifo_axis_inst/xpm_fifo_base_inst/gen_cdc_pntr.wr_pntr_cdc_inst/dest_graysync_ff_reg[0][0]} \
          {mainnet_down10g/axi_stream_gen_mon_0/axi_stream_interface/bb_interface_fifo_rx/inst/gen_fifo.xpm_fifo_axis_inst/xpm_fifo_base_inst/gen_cdc_pntr.wr_pntr_cdc_inst/dest_graysync_ff_reg[0][10]} \
          {mainnet_down10g/axi_stream_gen_mon_0/axi_stream_interface/bb_interface_fifo_rx/inst/gen_fifo.xpm_fifo_axis_inst/xpm_fifo_base_inst/gen_cdc_pntr.wr_pntr_cdc_inst/dest_graysync_ff_reg[0][1]} \
          {mainnet_down10g/axi_stream_gen_mon_0/axi_stream_interface/bb_interface_fifo_rx/inst/gen_fifo.xpm_fifo_axis_inst/xpm_fifo_base_inst/gen_cdc_pntr.wr_pntr_cdc_inst/dest_graysync_ff_reg[0][2]} \
          {mainnet_down10g/axi_stream_gen_mon_0/axi_stream_interface/bb_interface_fifo_rx/inst/gen_fifo.xpm_fifo_axis_inst/xpm_fifo_base_inst/gen_cdc_pntr.wr_pntr_cdc_inst/dest_graysync_ff_reg[0][3]} \
          {mainnet_down10g/axi_stream_gen_mon_0/axi_stream_interface/bb_interface_fifo_rx/inst/gen_fifo.xpm_fifo_axis_inst/xpm_fifo_base_inst/gen_cdc_pntr.wr_pntr_cdc_inst/dest_graysync_ff_reg[0][4]} \
          {mainnet_down10g/axi_stream_gen_mon_0/axi_stream_interface/bb_interface_fifo_rx/inst/gen_fifo.xpm_fifo_axis_inst/xpm_fifo_base_inst/gen_cdc_pntr.wr_pntr_cdc_inst/dest_graysync_ff_reg[0][5]} \
          {mainnet_down10g/axi_stream_gen_mon_0/axi_stream_interface/bb_interface_fifo_rx/inst/gen_fifo.xpm_fifo_axis_inst/xpm_fifo_base_inst/gen_cdc_pntr.wr_pntr_cdc_inst/dest_graysync_ff_reg[0][6]} \
          {mainnet_down10g/axi_stream_gen_mon_0/axi_stream_interface/bb_interface_fifo_rx/inst/gen_fifo.xpm_fifo_axis_inst/xpm_fifo_base_inst/gen_cdc_pntr.wr_pntr_cdc_inst/dest_graysync_ff_reg[0][7]} \
          {mainnet_down10g/axi_stream_gen_mon_0/axi_stream_interface/bb_interface_fifo_rx/inst/gen_fifo.xpm_fifo_axis_inst/xpm_fifo_base_inst/gen_cdc_pntr.wr_pntr_cdc_inst/dest_graysync_ff_reg[0][8]} \
          {mainnet_down10g/axi_stream_gen_mon_0/axi_stream_interface/bb_interface_fifo_rx/inst/gen_fifo.xpm_fifo_axis_inst/xpm_fifo_base_inst/gen_cdc_pntr.wr_pntr_cdc_inst/dest_graysync_ff_reg[0][9]}]]
                                                                              Slow              4.000       1.041      2.959


2. Bus Skew Report Per Constraint
---------------------------------

Id: 1
set_bus_skew -from [get_cells [list {mainnet_down10g/axi_stream_gen_mon_0/axi_stream_interface/bb_interface_fifo_rx/inst/gen_fifo.xpm_fifo_axis_inst/gaxis_pkt_fifo_ic.wpkt_cnt_cdc_inst/src_gray_ff_reg[0]} \
          {mainnet_down10g/axi_stream_gen_mon_0/axi_stream_interface/bb_interface_fifo_rx/inst/gen_fifo.xpm_fifo_axis_inst/gaxis_pkt_fifo_ic.wpkt_cnt_cdc_inst/src_gray_ff_reg[10]} \
          {mainnet_down10g/axi_stream_gen_mon_0/axi_stream_interface/bb_interface_fifo_rx/inst/gen_fifo.xpm_fifo_axis_inst/gaxis_pkt_fifo_ic.wpkt_cnt_cdc_inst/src_gray_ff_reg[1]} \
          {mainnet_down10g/axi_stream_gen_mon_0/axi_stream_interface/bb_interface_fifo_rx/inst/gen_fifo.xpm_fifo_axis_inst/gaxis_pkt_fifo_ic.wpkt_cnt_cdc_inst/src_gray_ff_reg[2]} \
          {mainnet_down10g/axi_stream_gen_mon_0/axi_stream_interface/bb_interface_fifo_rx/inst/gen_fifo.xpm_fifo_axis_inst/gaxis_pkt_fifo_ic.wpkt_cnt_cdc_inst/src_gray_ff_reg[3]} \
          {mainnet_down10g/axi_stream_gen_mon_0/axi_stream_interface/bb_interface_fifo_rx/inst/gen_fifo.xpm_fifo_axis_inst/gaxis_pkt_fifo_ic.wpkt_cnt_cdc_inst/src_gray_ff_reg[4]} \
          {mainnet_down10g/axi_stream_gen_mon_0/axi_stream_interface/bb_interface_fifo_rx/inst/gen_fifo.xpm_fifo_axis_inst/gaxis_pkt_fifo_ic.wpkt_cnt_cdc_inst/src_gray_ff_reg[5]} \
          {mainnet_down10g/axi_stream_gen_mon_0/axi_stream_interface/bb_interface_fifo_rx/inst/gen_fifo.xpm_fifo_axis_inst/gaxis_pkt_fifo_ic.wpkt_cnt_cdc_inst/src_gray_ff_reg[6]} \
          {mainnet_down10g/axi_stream_gen_mon_0/axi_stream_interface/bb_interface_fifo_rx/inst/gen_fifo.xpm_fifo_axis_inst/gaxis_pkt_fifo_ic.wpkt_cnt_cdc_inst/src_gray_ff_reg[7]} \
          {mainnet_down10g/axi_stream_gen_mon_0/axi_stream_interface/bb_interface_fifo_rx/inst/gen_fifo.xpm_fifo_axis_inst/gaxis_pkt_fifo_ic.wpkt_cnt_cdc_inst/src_gray_ff_reg[8]} \
          {mainnet_down10g/axi_stream_gen_mon_0/axi_stream_interface/bb_interface_fifo_rx/inst/gen_fifo.xpm_fifo_axis_inst/gaxis_pkt_fifo_ic.wpkt_cnt_cdc_inst/src_gray_ff_reg[9]}]] -to [get_cells [list {mainnet_down10g/axi_stream_gen_mon_0/axi_stream_interface/bb_interface_fifo_rx/inst/gen_fifo.xpm_fifo_axis_inst/gaxis_pkt_fifo_ic.wpkt_cnt_cdc_inst/dest_graysync_ff_reg[0][0]} \
          {mainnet_down10g/axi_stream_gen_mon_0/axi_stream_interface/bb_interface_fifo_rx/inst/gen_fifo.xpm_fifo_axis_inst/gaxis_pkt_fifo_ic.wpkt_cnt_cdc_inst/dest_graysync_ff_reg[0][10]} \
          {mainnet_down10g/axi_stream_gen_mon_0/axi_stream_interface/bb_interface_fifo_rx/inst/gen_fifo.xpm_fifo_axis_inst/gaxis_pkt_fifo_ic.wpkt_cnt_cdc_inst/dest_graysync_ff_reg[0][1]} \
          {mainnet_down10g/axi_stream_gen_mon_0/axi_stream_interface/bb_interface_fifo_rx/inst/gen_fifo.xpm_fifo_axis_inst/gaxis_pkt_fifo_ic.wpkt_cnt_cdc_inst/dest_graysync_ff_reg[0][2]} \
          {mainnet_down10g/axi_stream_gen_mon_0/axi_stream_interface/bb_interface_fifo_rx/inst/gen_fifo.xpm_fifo_axis_inst/gaxis_pkt_fifo_ic.wpkt_cnt_cdc_inst/dest_graysync_ff_reg[0][3]} \
          {mainnet_down10g/axi_stream_gen_mon_0/axi_stream_interface/bb_interface_fifo_rx/inst/gen_fifo.xpm_fifo_axis_inst/gaxis_pkt_fifo_ic.wpkt_cnt_cdc_inst/dest_graysync_ff_reg[0][4]} \
          {mainnet_down10g/axi_stream_gen_mon_0/axi_stream_interface/bb_interface_fifo_rx/inst/gen_fifo.xpm_fifo_axis_inst/gaxis_pkt_fifo_ic.wpkt_cnt_cdc_inst/dest_graysync_ff_reg[0][5]} \
          {mainnet_down10g/axi_stream_gen_mon_0/axi_stream_interface/bb_interface_fifo_rx/inst/gen_fifo.xpm_fifo_axis_inst/gaxis_pkt_fifo_ic.wpkt_cnt_cdc_inst/dest_graysync_ff_reg[0][6]} \
          {mainnet_down10g/axi_stream_gen_mon_0/axi_stream_interface/bb_interface_fifo_rx/inst/gen_fifo.xpm_fifo_axis_inst/gaxis_pkt_fifo_ic.wpkt_cnt_cdc_inst/dest_graysync_ff_reg[0][7]} \
          {mainnet_down10g/axi_stream_gen_mon_0/axi_stream_interface/bb_interface_fifo_rx/inst/gen_fifo.xpm_fifo_axis_inst/gaxis_pkt_fifo_ic.wpkt_cnt_cdc_inst/dest_graysync_ff_reg[0][8]} \
          {mainnet_down10g/axi_stream_gen_mon_0/axi_stream_interface/bb_interface_fifo_rx/inst/gen_fifo.xpm_fifo_axis_inst/gaxis_pkt_fifo_ic.wpkt_cnt_cdc_inst/dest_graysync_ff_reg[0][9]}]] 4.000
Requirement: 4.000ns
Endpoints: 11

From Clock            To Clock              Endpoint Pin                    Reference Pin                   Corner  Actual(ns)  Slack(ns)
--------------------  --------------------  ------------------------------  ------------------------------  ------  ----------  ---------
refclk_p              clk_out1_tpu_transmit_clock
                                            mainnet_down10g/axi_stream_gen_mon_0/axi_stream_interface/bb_interface_fifo_rx/inst/gen_fifo.xpm_fifo_axis_inst/gaxis_pkt_fifo_ic.wpkt_cnt_cdc_inst/dest_graysync_ff_reg[0][9]/D
                                                                            mainnet_down10g/axi_stream_gen_mon_0/axi_stream_interface/bb_interface_fifo_rx/inst/gen_fifo.xpm_fifo_axis_inst/gaxis_pkt_fifo_ic.wpkt_cnt_cdc_inst/dest_graysync_ff_reg[0][10]/D
                                                                                                            Slow         0.774      3.226


Slack (MET) :             3.226ns  (requirement - actual skew)
  Endpoint Source:        mainnet_down10g/axi_stream_gen_mon_0/axi_stream_interface/bb_interface_fifo_rx/inst/gen_fifo.xpm_fifo_axis_inst/gaxis_pkt_fifo_ic.wpkt_cnt_cdc_inst/src_gray_ff_reg[9]/C
                            (rising edge-triggered cell FDRE clocked by refclk_p)
  Endpoint Destination:   mainnet_down10g/axi_stream_gen_mon_0/axi_stream_interface/bb_interface_fifo_rx/inst/gen_fifo.xpm_fifo_axis_inst/gaxis_pkt_fifo_ic.wpkt_cnt_cdc_inst/dest_graysync_ff_reg[0][9]/D
                            (rising edge-triggered cell FDRE clocked by clk_out1_tpu_transmit_clock)
  Reference Source:       mainnet_down10g/axi_stream_gen_mon_0/axi_stream_interface/bb_interface_fifo_rx/inst/gen_fifo.xpm_fifo_axis_inst/gaxis_pkt_fifo_ic.wpkt_cnt_cdc_inst/src_gray_ff_reg[10]/C
                            (rising edge-triggered cell FDRE clocked by refclk_p)
  Reference Destination:  mainnet_down10g/axi_stream_gen_mon_0/axi_stream_interface/bb_interface_fifo_rx/inst/gen_fifo.xpm_fifo_axis_inst/gaxis_pkt_fifo_ic.wpkt_cnt_cdc_inst/dest_graysync_ff_reg[0][10]/D
                            (rising edge-triggered cell FDRE clocked by clk_out1_tpu_transmit_clock)
  Path Type:              Bus Skew (Max at Slow Process Corner)
  Requirement:            4.000ns
  Endpoint Relative Delay:    4.300ns
  Reference Relative Delay:   3.083ns
  Relative CRPR:              0.603ns
  Uncertainty:                0.160ns
  Actual Bus Skew:            0.774ns  (Endpoint Relative Delay - Reference Relative Delay - Relative CRPR + Uncertainty)

Endpoint path:
    Location             Delay type                Incr(ns)  Path(ns)    Netlist Resource(s)
  -------------------------------------------------------------------    -------------------
                         (clock refclk_p rise edge)
                                                      0.000     0.000 r  
    GTHE3_COMMON_X0Y3                                 0.000     0.000 r  refclk_p (IN)
                         net (fo=0)                   0.000     0.000    mainnet_down10g/mac_phy_wrapper_i/mac_phy_i/mac_phy_ch0/ten_gig_eth_pcs_pma_ch0/inst/ten_gig_eth_pcs_pma_shared_clock_reset_block/refclk_p
    GTHE3_COMMON_X0Y3    IBUFDS_GTE3 (Prop_IBUFDS0_GTE3_GTHE3_COMMON_I_ODIV2)
                                                      0.363     0.363 r  mainnet_down10g/mac_phy_wrapper_i/mac_phy_i/mac_phy_ch0/ten_gig_eth_pcs_pma_ch0/inst/ten_gig_eth_pcs_pma_shared_clock_reset_block/ibufds_inst/ODIV2
                         net (fo=2, routed)           0.082     0.445    mainnet_down10g/mac_phy_wrapper_i/mac_phy_i/mac_phy_ch0/ten_gig_eth_pcs_pma_ch0/inst/ten_gig_eth_pcs_pma_shared_clock_reset_block/refclkcopy
    BUFG_GT_X0Y95        BUFG_GT (Prop_BUFG_GT_I_O)
                                                      0.315     0.760 r  mainnet_down10g/mac_phy_wrapper_i/mac_phy_i/mac_phy_ch0/ten_gig_eth_pcs_pma_ch0/inst/ten_gig_eth_pcs_pma_shared_clock_reset_block/refclk_bufg_gt_i/O
    X2Y2 (CLOCK_ROOT)    net (fo=3144, routed)        2.269     3.029    mainnet_down10g/axi_stream_gen_mon_0/axi_stream_interface/bb_interface_fifo_rx/inst/gen_fifo.xpm_fifo_axis_inst/gaxis_pkt_fifo_ic.wpkt_cnt_cdc_inst/src_clk
    SLICE_X92Y206        FDRE                                         r  mainnet_down10g/axi_stream_gen_mon_0/axi_stream_interface/bb_interface_fifo_rx/inst/gen_fifo.xpm_fifo_axis_inst/gaxis_pkt_fifo_ic.wpkt_cnt_cdc_inst/src_gray_ff_reg[9]/C
  -------------------------------------------------------------------    -------------------
    SLICE_X92Y206        FDRE (Prop_DFF_SLICEL_C_Q)
                                                      0.114     3.143 r  mainnet_down10g/axi_stream_gen_mon_0/axi_stream_interface/bb_interface_fifo_rx/inst/gen_fifo.xpm_fifo_axis_inst/gaxis_pkt_fifo_ic.wpkt_cnt_cdc_inst/src_gray_ff_reg[9]/Q
                         net (fo=1, routed)           0.692     3.835    mainnet_down10g/axi_stream_gen_mon_0/axi_stream_interface/bb_interface_fifo_rx/inst/gen_fifo.xpm_fifo_axis_inst/gaxis_pkt_fifo_ic.wpkt_cnt_cdc_inst/async_path[9]
    SLICE_X92Y206        FDRE                                         r  mainnet_down10g/axi_stream_gen_mon_0/axi_stream_interface/bb_interface_fifo_rx/inst/gen_fifo.xpm_fifo_axis_inst/gaxis_pkt_fifo_ic.wpkt_cnt_cdc_inst/dest_graysync_ff_reg[0][9]/D
  -------------------------------------------------------------------    -------------------

                         (clock clk_out1_tpu_transmit_clock rise edge)
                                                      0.000     0.000 r  
    G10                                               0.000     0.000 r  CLK_125MHZ_P (IN)
                         net (fo=0)                   0.001     0.001    tpu_transmit_clock/inst/clkin1_ibufds/I
    HPIOBDIFFINBUF_X1Y59 DIFFINBUF (Prop_DIFFINBUF_HPIOBDIFFINBUF_DIFF_IN_P_O)
                                                      0.324     0.325 r  tpu_transmit_clock/inst/clkin1_ibufds/DIFFINBUF_INST/O
                         net (fo=1, routed)           0.051     0.376    tpu_transmit_clock/inst/clkin1_ibufds/OUT
    G10                  IBUFCTRL (Prop_IBUFCTRL_HPIOB_I_O)
                                                      0.000     0.376 r  tpu_transmit_clock/inst/clkin1_ibufds/IBUFCTRL_INST/O
                         net (fo=1, routed)           0.778     1.154    tpu_transmit_clock/inst/clk_in1_tpu_transmit_clock
    MMCME3_ADV_X1Y2      MMCME3_ADV (Prop_MMCME3_ADV_CLKIN1_CLKOUT0)
                                                     -4.713    -3.559 r  tpu_transmit_clock/inst/mmcme3_adv_inst/CLKOUT0
                         net (fo=1, routed)           0.372    -3.187    tpu_transmit_clock/inst/clk_out1_tpu_transmit_clock
    BUFGCE_X1Y48         BUFGCE (Prop_BUFCE_BUFGCE_I_O)
                                                      0.075    -3.112 r  tpu_transmit_clock/inst/clkout1_buf/O
    X1Y2 (CLOCK_ROOT)    net (fo=44520, routed)       2.588    -0.524    mainnet_down10g/axi_stream_gen_mon_0/axi_stream_interface/bb_interface_fifo_rx/inst/gen_fifo.xpm_fifo_axis_inst/gaxis_pkt_fifo_ic.wpkt_cnt_cdc_inst/dest_clk
    SLICE_X92Y206        FDRE                                         r  mainnet_down10g/axi_stream_gen_mon_0/axi_stream_interface/bb_interface_fifo_rx/inst/gen_fifo.xpm_fifo_axis_inst/gaxis_pkt_fifo_ic.wpkt_cnt_cdc_inst/dest_graysync_ff_reg[0][9]/C
                         clock pessimism              0.000    -0.524    
    SLICE_X92Y206        FDRE (Setup_HFF2_SLICEL_C_D)
                                                      0.060    -0.464    mainnet_down10g/axi_stream_gen_mon_0/axi_stream_interface/bb_interface_fifo_rx/inst/gen_fifo.xpm_fifo_axis_inst/gaxis_pkt_fifo_ic.wpkt_cnt_cdc_inst/dest_graysync_ff_reg[0][9]
  -------------------------------------------------------------------
                         data arrival                           3.835    
                         clock arrival                         -0.464    
  -------------------------------------------------------------------
                         relative delay                         4.300    

Reference path:
    Location             Delay type                Incr(ns)  Path(ns)    Netlist Resource(s)
  -------------------------------------------------------------------    -------------------
                         (clock refclk_p rise edge)
                                                      0.000     0.000 r  
    GTHE3_COMMON_X0Y3                                 0.000     0.000 r  refclk_p (IN)
                         net (fo=0)                   0.000     0.000    mainnet_down10g/mac_phy_wrapper_i/mac_phy_i/mac_phy_ch0/ten_gig_eth_pcs_pma_ch0/inst/ten_gig_eth_pcs_pma_shared_clock_reset_block/refclk_p
    GTHE3_COMMON_X0Y3    IBUFDS_GTE3 (Prop_IBUFDS0_GTE3_GTHE3_COMMON_I_ODIV2)
                                                      0.209     0.209 r  mainnet_down10g/mac_phy_wrapper_i/mac_phy_i/mac_phy_ch0/ten_gig_eth_pcs_pma_ch0/inst/ten_gig_eth_pcs_pma_shared_clock_reset_block/ibufds_inst/ODIV2
                         net (fo=2, routed)           0.046     0.255    mainnet_down10g/mac_phy_wrapper_i/mac_phy_i/mac_phy_ch0/ten_gig_eth_pcs_pma_ch0/inst/ten_gig_eth_pcs_pma_shared_clock_reset_block/refclkcopy
    BUFG_GT_X0Y95        BUFG_GT (Prop_BUFG_GT_I_O)
                                                      0.283     0.538 r  mainnet_down10g/mac_phy_wrapper_i/mac_phy_i/mac_phy_ch0/ten_gig_eth_pcs_pma_ch0/inst/ten_gig_eth_pcs_pma_shared_clock_reset_block/refclk_bufg_gt_i/O
    X2Y2 (CLOCK_ROOT)    net (fo=3144, routed)        2.015     2.553    mainnet_down10g/axi_stream_gen_mon_0/axi_stream_interface/bb_interface_fifo_rx/inst/gen_fifo.xpm_fifo_axis_inst/gaxis_pkt_fifo_ic.wpkt_cnt_cdc_inst/src_clk
    SLICE_X91Y206        FDRE                                         r  mainnet_down10g/axi_stream_gen_mon_0/axi_stream_interface/bb_interface_fifo_rx/inst/gen_fifo.xpm_fifo_axis_inst/gaxis_pkt_fifo_ic.wpkt_cnt_cdc_inst/src_gray_ff_reg[10]/C
  -------------------------------------------------------------------    -------------------
    SLICE_X91Y206        FDRE (Prop_EFF_SLICEL_C_Q)
                                                      0.103     2.656 r  mainnet_down10g/axi_stream_gen_mon_0/axi_stream_interface/bb_interface_fifo_rx/inst/gen_fifo.xpm_fifo_axis_inst/gaxis_pkt_fifo_ic.wpkt_cnt_cdc_inst/src_gray_ff_reg[10]/Q
                         net (fo=1, routed)           0.386     3.042    mainnet_down10g/axi_stream_gen_mon_0/axi_stream_interface/bb_interface_fifo_rx/inst/gen_fifo.xpm_fifo_axis_inst/gaxis_pkt_fifo_ic.wpkt_cnt_cdc_inst/async_path[10]
    SLICE_X91Y206        FDRE                                         r  mainnet_down10g/axi_stream_gen_mon_0/axi_stream_interface/bb_interface_fifo_rx/inst/gen_fifo.xpm_fifo_axis_inst/gaxis_pkt_fifo_ic.wpkt_cnt_cdc_inst/dest_graysync_ff_reg[0][10]/D
  -------------------------------------------------------------------    -------------------

                         (clock clk_out1_tpu_transmit_clock rise edge)
                                                      0.000     0.000 r  
    G10                                               0.000     0.000 r  CLK_125MHZ_P (IN)
                         net (fo=0)                   0.001     0.001    tpu_transmit_clock/inst/clkin1_ibufds/I
    HPIOBDIFFINBUF_X1Y59 DIFFINBUF (Prop_DIFFINBUF_HPIOBDIFFINBUF_DIFF_IN_P_O)
                                                      0.521     0.522 r  tpu_transmit_clock/inst/clkin1_ibufds/DIFFINBUF_INST/O
                         net (fo=1, routed)           0.090     0.612    tpu_transmit_clock/inst/clkin1_ibufds/OUT
    G10                  IBUFCTRL (Prop_IBUFCTRL_HPIOB_I_O)
                                                      0.000     0.612 r  tpu_transmit_clock/inst/clkin1_ibufds/IBUFCTRL_INST/O
                         net (fo=1, routed)           0.865     1.477    tpu_transmit_clock/inst/clk_in1_tpu_transmit_clock
    MMCME3_ADV_X1Y2      MMCME3_ADV (Prop_MMCME3_ADV_CLKIN1_CLKOUT0)
                                                     -5.047    -3.570 r  tpu_transmit_clock/inst/mmcme3_adv_inst/CLKOUT0
                         net (fo=1, routed)           0.437    -3.133    tpu_transmit_clock/inst/clk_out1_tpu_transmit_clock
    BUFGCE_X1Y48         BUFGCE (Prop_BUFCE_BUFGCE_I_O)
                                                      0.083    -3.050 r  tpu_transmit_clock/inst/clkout1_buf/O
    X1Y2 (CLOCK_ROOT)    net (fo=44520, routed)       2.899    -0.151    mainnet_down10g/axi_stream_gen_mon_0/axi_stream_interface/bb_interface_fifo_rx/inst/gen_fifo.xpm_fifo_axis_inst/gaxis_pkt_fifo_ic.wpkt_cnt_cdc_inst/dest_clk
    SLICE_X91Y206        FDRE                                         r  mainnet_down10g/axi_stream_gen_mon_0/axi_stream_interface/bb_interface_fifo_rx/inst/gen_fifo.xpm_fifo_axis_inst/gaxis_pkt_fifo_ic.wpkt_cnt_cdc_inst/dest_graysync_ff_reg[0][10]/C
                         clock pessimism              0.000    -0.151    
    SLICE_X91Y206        FDRE (Hold_DFF2_SLICEL_C_D)
                                                      0.109    -0.042    mainnet_down10g/axi_stream_gen_mon_0/axi_stream_interface/bb_interface_fifo_rx/inst/gen_fifo.xpm_fifo_axis_inst/gaxis_pkt_fifo_ic.wpkt_cnt_cdc_inst/dest_graysync_ff_reg[0][10]
  -------------------------------------------------------------------
                         data arrival                           3.042    
                         clock arrival                         -0.042    
  -------------------------------------------------------------------
                         relative delay                         3.083    



Id: 2
set_bus_skew -from [get_cells [list {mainnet_down10g/axi_stream_gen_mon_0/axi_stream_interface/bb_interface_fifo_rx/inst/gen_fifo.xpm_fifo_axis_inst/xpm_fifo_base_inst/gen_cdc_pntr.rd_pntr_cdc_inst/src_gray_ff_reg[0]} \
          {mainnet_down10g/axi_stream_gen_mon_0/axi_stream_interface/bb_interface_fifo_rx/inst/gen_fifo.xpm_fifo_axis_inst/xpm_fifo_base_inst/gen_cdc_pntr.rd_pntr_cdc_inst/src_gray_ff_reg[10]} \
          {mainnet_down10g/axi_stream_gen_mon_0/axi_stream_interface/bb_interface_fifo_rx/inst/gen_fifo.xpm_fifo_axis_inst/xpm_fifo_base_inst/gen_cdc_pntr.rd_pntr_cdc_inst/src_gray_ff_reg[1]} \
          {mainnet_down10g/axi_stream_gen_mon_0/axi_stream_interface/bb_interface_fifo_rx/inst/gen_fifo.xpm_fifo_axis_inst/xpm_fifo_base_inst/gen_cdc_pntr.rd_pntr_cdc_inst/src_gray_ff_reg[2]} \
          {mainnet_down10g/axi_stream_gen_mon_0/axi_stream_interface/bb_interface_fifo_rx/inst/gen_fifo.xpm_fifo_axis_inst/xpm_fifo_base_inst/gen_cdc_pntr.rd_pntr_cdc_inst/src_gray_ff_reg[3]} \
          {mainnet_down10g/axi_stream_gen_mon_0/axi_stream_interface/bb_interface_fifo_rx/inst/gen_fifo.xpm_fifo_axis_inst/xpm_fifo_base_inst/gen_cdc_pntr.rd_pntr_cdc_inst/src_gray_ff_reg[4]} \
          {mainnet_down10g/axi_stream_gen_mon_0/axi_stream_interface/bb_interface_fifo_rx/inst/gen_fifo.xpm_fifo_axis_inst/xpm_fifo_base_inst/gen_cdc_pntr.rd_pntr_cdc_inst/src_gray_ff_reg[5]} \
          {mainnet_down10g/axi_stream_gen_mon_0/axi_stream_interface/bb_interface_fifo_rx/inst/gen_fifo.xpm_fifo_axis_inst/xpm_fifo_base_inst/gen_cdc_pntr.rd_pntr_cdc_inst/src_gray_ff_reg[6]} \
          {mainnet_down10g/axi_stream_gen_mon_0/axi_stream_interface/bb_interface_fifo_rx/inst/gen_fifo.xpm_fifo_axis_inst/xpm_fifo_base_inst/gen_cdc_pntr.rd_pntr_cdc_inst/src_gray_ff_reg[7]} \
          {mainnet_down10g/axi_stream_gen_mon_0/axi_stream_interface/bb_interface_fifo_rx/inst/gen_fifo.xpm_fifo_axis_inst/xpm_fifo_base_inst/gen_cdc_pntr.rd_pntr_cdc_inst/src_gray_ff_reg[8]} \
          {mainnet_down10g/axi_stream_gen_mon_0/axi_stream_interface/bb_interface_fifo_rx/inst/gen_fifo.xpm_fifo_axis_inst/xpm_fifo_base_inst/gen_cdc_pntr.rd_pntr_cdc_inst/src_gray_ff_reg[9]}]] -to [get_cells [list {mainnet_down10g/axi_stream_gen_mon_0/axi_stream_interface/bb_interface_fifo_rx/inst/gen_fifo.xpm_fifo_axis_inst/xpm_fifo_base_inst/gen_cdc_pntr.rd_pntr_cdc_inst/dest_graysync_ff_reg[0][0]} \
          {mainnet_down10g/axi_stream_gen_mon_0/axi_stream_interface/bb_interface_fifo_rx/inst/gen_fifo.xpm_fifo_axis_inst/xpm_fifo_base_inst/gen_cdc_pntr.rd_pntr_cdc_inst/dest_graysync_ff_reg[0][10]} \
          {mainnet_down10g/axi_stream_gen_mon_0/axi_stream_interface/bb_interface_fifo_rx/inst/gen_fifo.xpm_fifo_axis_inst/xpm_fifo_base_inst/gen_cdc_pntr.rd_pntr_cdc_inst/dest_graysync_ff_reg[0][1]} \
          {mainnet_down10g/axi_stream_gen_mon_0/axi_stream_interface/bb_interface_fifo_rx/inst/gen_fifo.xpm_fifo_axis_inst/xpm_fifo_base_inst/gen_cdc_pntr.rd_pntr_cdc_inst/dest_graysync_ff_reg[0][2]} \
          {mainnet_down10g/axi_stream_gen_mon_0/axi_stream_interface/bb_interface_fifo_rx/inst/gen_fifo.xpm_fifo_axis_inst/xpm_fifo_base_inst/gen_cdc_pntr.rd_pntr_cdc_inst/dest_graysync_ff_reg[0][3]} \
          {mainnet_down10g/axi_stream_gen_mon_0/axi_stream_interface/bb_interface_fifo_rx/inst/gen_fifo.xpm_fifo_axis_inst/xpm_fifo_base_inst/gen_cdc_pntr.rd_pntr_cdc_inst/dest_graysync_ff_reg[0][4]} \
          {mainnet_down10g/axi_stream_gen_mon_0/axi_stream_interface/bb_interface_fifo_rx/inst/gen_fifo.xpm_fifo_axis_inst/xpm_fifo_base_inst/gen_cdc_pntr.rd_pntr_cdc_inst/dest_graysync_ff_reg[0][5]} \
          {mainnet_down10g/axi_stream_gen_mon_0/axi_stream_interface/bb_interface_fifo_rx/inst/gen_fifo.xpm_fifo_axis_inst/xpm_fifo_base_inst/gen_cdc_pntr.rd_pntr_cdc_inst/dest_graysync_ff_reg[0][6]} \
          {mainnet_down10g/axi_stream_gen_mon_0/axi_stream_interface/bb_interface_fifo_rx/inst/gen_fifo.xpm_fifo_axis_inst/xpm_fifo_base_inst/gen_cdc_pntr.rd_pntr_cdc_inst/dest_graysync_ff_reg[0][7]} \
          {mainnet_down10g/axi_stream_gen_mon_0/axi_stream_interface/bb_interface_fifo_rx/inst/gen_fifo.xpm_fifo_axis_inst/xpm_fifo_base_inst/gen_cdc_pntr.rd_pntr_cdc_inst/dest_graysync_ff_reg[0][8]} \
          {mainnet_down10g/axi_stream_gen_mon_0/axi_stream_interface/bb_interface_fifo_rx/inst/gen_fifo.xpm_fifo_axis_inst/xpm_fifo_base_inst/gen_cdc_pntr.rd_pntr_cdc_inst/dest_graysync_ff_reg[0][9]}]] 4.000
Requirement: 4.000ns
Endpoints: 11

From Clock            To Clock              Endpoint Pin                    Reference Pin                   Corner  Actual(ns)  Slack(ns)
--------------------  --------------------  ------------------------------  ------------------------------  ------  ----------  ---------
clk_out1_tpu_transmit_clock
                      refclk_p              mainnet_down10g/axi_stream_gen_mon_0/axi_stream_interface/bb_interface_fifo_rx/inst/gen_fifo.xpm_fifo_axis_inst/xpm_fifo_base_inst/gen_cdc_pntr.rd_pntr_cdc_inst/dest_graysync_ff_reg[0][10]/D
                                                                            mainnet_down10g/axi_stream_gen_mon_0/axi_stream_interface/bb_interface_fifo_rx/inst/gen_fifo.xpm_fifo_axis_inst/xpm_fifo_base_inst/gen_cdc_pntr.rd_pntr_cdc_inst/dest_graysync_ff_reg[0][4]/D
                                                                                                            Slow         0.975      3.025


Slack (MET) :             3.025ns  (requirement - actual skew)
  Endpoint Source:        mainnet_down10g/axi_stream_gen_mon_0/axi_stream_interface/bb_interface_fifo_rx/inst/gen_fifo.xpm_fifo_axis_inst/xpm_fifo_base_inst/gen_cdc_pntr.rd_pntr_cdc_inst/src_gray_ff_reg[10]/C
                            (rising edge-triggered cell FDRE clocked by clk_out1_tpu_transmit_clock)
  Endpoint Destination:   mainnet_down10g/axi_stream_gen_mon_0/axi_stream_interface/bb_interface_fifo_rx/inst/gen_fifo.xpm_fifo_axis_inst/xpm_fifo_base_inst/gen_cdc_pntr.rd_pntr_cdc_inst/dest_graysync_ff_reg[0][10]/D
                            (rising edge-triggered cell FDRE clocked by refclk_p)
  Reference Source:       mainnet_down10g/axi_stream_gen_mon_0/axi_stream_interface/bb_interface_fifo_rx/inst/gen_fifo.xpm_fifo_axis_inst/xpm_fifo_base_inst/gen_cdc_pntr.rd_pntr_cdc_inst/src_gray_ff_reg[4]/C
                            (rising edge-triggered cell FDRE clocked by clk_out1_tpu_transmit_clock)
  Reference Destination:  mainnet_down10g/axi_stream_gen_mon_0/axi_stream_interface/bb_interface_fifo_rx/inst/gen_fifo.xpm_fifo_axis_inst/xpm_fifo_base_inst/gen_cdc_pntr.rd_pntr_cdc_inst/dest_graysync_ff_reg[0][4]/D
                            (rising edge-triggered cell FDRE clocked by refclk_p)
  Path Type:              Bus Skew (Max at Slow Process Corner)
  Requirement:            4.000ns
  Endpoint Relative Delay:   -1.785ns
  Reference Relative Delay:  -3.204ns
  Relative CRPR:              0.603ns
  Uncertainty:                0.160ns
  Actual Bus Skew:            0.975ns  (Endpoint Relative Delay - Reference Relative Delay - Relative CRPR + Uncertainty)

Endpoint path:
    Location             Delay type                Incr(ns)  Path(ns)    Netlist Resource(s)
  -------------------------------------------------------------------    -------------------
                         (clock clk_out1_tpu_transmit_clock rise edge)
                                                      0.000     0.000 r  
    G10                                               0.000     0.000 r  CLK_125MHZ_P (IN)
                         net (fo=0)                   0.001     0.001    tpu_transmit_clock/inst/clkin1_ibufds/I
    HPIOBDIFFINBUF_X1Y59 DIFFINBUF (Prop_DIFFINBUF_HPIOBDIFFINBUF_DIFF_IN_P_O)
                                                      0.521     0.522 r  tpu_transmit_clock/inst/clkin1_ibufds/DIFFINBUF_INST/O
                         net (fo=1, routed)           0.090     0.612    tpu_transmit_clock/inst/clkin1_ibufds/OUT
    G10                  IBUFCTRL (Prop_IBUFCTRL_HPIOB_I_O)
                                                      0.000     0.612 r  tpu_transmit_clock/inst/clkin1_ibufds/IBUFCTRL_INST/O
                         net (fo=1, routed)           0.865     1.477    tpu_transmit_clock/inst/clk_in1_tpu_transmit_clock
    MMCME3_ADV_X1Y2      MMCME3_ADV (Prop_MMCME3_ADV_CLKIN1_CLKOUT0)
                                                     -5.047    -3.570 r  tpu_transmit_clock/inst/mmcme3_adv_inst/CLKOUT0
                         net (fo=1, routed)           0.437    -3.133    tpu_transmit_clock/inst/clk_out1_tpu_transmit_clock
    BUFGCE_X1Y48         BUFGCE (Prop_BUFCE_BUFGCE_I_O)
                                                      0.083    -3.050 r  tpu_transmit_clock/inst/clkout1_buf/O
    X1Y2 (CLOCK_ROOT)    net (fo=44520, routed)       2.875    -0.175    mainnet_down10g/axi_stream_gen_mon_0/axi_stream_interface/bb_interface_fifo_rx/inst/gen_fifo.xpm_fifo_axis_inst/xpm_fifo_base_inst/gen_cdc_pntr.rd_pntr_cdc_inst/src_clk
    SLICE_X87Y201        FDRE                                         r  mainnet_down10g/axi_stream_gen_mon_0/axi_stream_interface/bb_interface_fifo_rx/inst/gen_fifo.xpm_fifo_axis_inst/xpm_fifo_base_inst/gen_cdc_pntr.rd_pntr_cdc_inst/src_gray_ff_reg[10]/C
  -------------------------------------------------------------------    -------------------
    SLICE_X87Y201        FDRE (Prop_EFF_SLICEL_C_Q)
                                                      0.114    -0.061 r  mainnet_down10g/axi_stream_gen_mon_0/axi_stream_interface/bb_interface_fifo_rx/inst/gen_fifo.xpm_fifo_axis_inst/xpm_fifo_base_inst/gen_cdc_pntr.rd_pntr_cdc_inst/src_gray_ff_reg[10]/Q
                         net (fo=1, routed)           0.872     0.811    mainnet_down10g/axi_stream_gen_mon_0/axi_stream_interface/bb_interface_fifo_rx/inst/gen_fifo.xpm_fifo_axis_inst/xpm_fifo_base_inst/gen_cdc_pntr.rd_pntr_cdc_inst/async_path[10]
    SLICE_X87Y201        FDRE                                         r  mainnet_down10g/axi_stream_gen_mon_0/axi_stream_interface/bb_interface_fifo_rx/inst/gen_fifo.xpm_fifo_axis_inst/xpm_fifo_base_inst/gen_cdc_pntr.rd_pntr_cdc_inst/dest_graysync_ff_reg[0][10]/D
  -------------------------------------------------------------------    -------------------

                         (clock refclk_p rise edge)
                                                      0.000     0.000 r  
    GTHE3_COMMON_X0Y3                                 0.000     0.000 r  refclk_p (IN)
                         net (fo=0)                   0.000     0.000    mainnet_down10g/mac_phy_wrapper_i/mac_phy_i/mac_phy_ch0/ten_gig_eth_pcs_pma_ch0/inst/ten_gig_eth_pcs_pma_shared_clock_reset_block/refclk_p
    GTHE3_COMMON_X0Y3    IBUFDS_GTE3 (Prop_IBUFDS0_GTE3_GTHE3_COMMON_I_ODIV2)
                                                      0.209     0.209 r  mainnet_down10g/mac_phy_wrapper_i/mac_phy_i/mac_phy_ch0/ten_gig_eth_pcs_pma_ch0/inst/ten_gig_eth_pcs_pma_shared_clock_reset_block/ibufds_inst/ODIV2
                         net (fo=2, routed)           0.046     0.255    mainnet_down10g/mac_phy_wrapper_i/mac_phy_i/mac_phy_ch0/ten_gig_eth_pcs_pma_ch0/inst/ten_gig_eth_pcs_pma_shared_clock_reset_block/refclkcopy
    BUFG_GT_X0Y95        BUFG_GT (Prop_BUFG_GT_I_O)
                                                      0.283     0.538 r  mainnet_down10g/mac_phy_wrapper_i/mac_phy_i/mac_phy_ch0/ten_gig_eth_pcs_pma_ch0/inst/ten_gig_eth_pcs_pma_shared_clock_reset_block/refclk_bufg_gt_i/O
    X2Y2 (CLOCK_ROOT)    net (fo=3144, routed)        1.996     2.534    mainnet_down10g/axi_stream_gen_mon_0/axi_stream_interface/bb_interface_fifo_rx/inst/gen_fifo.xpm_fifo_axis_inst/xpm_fifo_base_inst/gen_cdc_pntr.rd_pntr_cdc_inst/dest_clk
    SLICE_X87Y201        FDRE                                         r  mainnet_down10g/axi_stream_gen_mon_0/axi_stream_interface/bb_interface_fifo_rx/inst/gen_fifo.xpm_fifo_axis_inst/xpm_fifo_base_inst/gen_cdc_pntr.rd_pntr_cdc_inst/dest_graysync_ff_reg[0][10]/C
                         clock pessimism              0.000     2.534    
    SLICE_X87Y201        FDRE (Setup_DFF2_SLICEL_C_D)
                                                      0.063     2.597    mainnet_down10g/axi_stream_gen_mon_0/axi_stream_interface/bb_interface_fifo_rx/inst/gen_fifo.xpm_fifo_axis_inst/xpm_fifo_base_inst/gen_cdc_pntr.rd_pntr_cdc_inst/dest_graysync_ff_reg[0][10]
  -------------------------------------------------------------------
                         data arrival                           0.811    
                         clock arrival                          2.597    
  -------------------------------------------------------------------
                         relative delay                        -1.785    

Reference path:
    Location             Delay type                Incr(ns)  Path(ns)    Netlist Resource(s)
  -------------------------------------------------------------------    -------------------
                         (clock clk_out1_tpu_transmit_clock rise edge)
                                                      0.000     0.000 r  
    G10                                               0.000     0.000 r  CLK_125MHZ_P (IN)
                         net (fo=0)                   0.001     0.001    tpu_transmit_clock/inst/clkin1_ibufds/I
    HPIOBDIFFINBUF_X1Y59 DIFFINBUF (Prop_DIFFINBUF_HPIOBDIFFINBUF_DIFF_IN_P_O)
                                                      0.324     0.325 r  tpu_transmit_clock/inst/clkin1_ibufds/DIFFINBUF_INST/O
                         net (fo=1, routed)           0.051     0.376    tpu_transmit_clock/inst/clkin1_ibufds/OUT
    G10                  IBUFCTRL (Prop_IBUFCTRL_HPIOB_I_O)
                                                      0.000     0.376 r  tpu_transmit_clock/inst/clkin1_ibufds/IBUFCTRL_INST/O
                         net (fo=1, routed)           0.778     1.154    tpu_transmit_clock/inst/clk_in1_tpu_transmit_clock
    MMCME3_ADV_X1Y2      MMCME3_ADV (Prop_MMCME3_ADV_CLKIN1_CLKOUT0)
                                                     -4.713    -3.559 r  tpu_transmit_clock/inst/mmcme3_adv_inst/CLKOUT0
                         net (fo=1, routed)           0.372    -3.187    tpu_transmit_clock/inst/clk_out1_tpu_transmit_clock
    BUFGCE_X1Y48         BUFGCE (Prop_BUFCE_BUFGCE_I_O)
                                                      0.075    -3.112 r  tpu_transmit_clock/inst/clkout1_buf/O
    X1Y2 (CLOCK_ROOT)    net (fo=44520, routed)       2.565    -0.547    mainnet_down10g/axi_stream_gen_mon_0/axi_stream_interface/bb_interface_fifo_rx/inst/gen_fifo.xpm_fifo_axis_inst/xpm_fifo_base_inst/gen_cdc_pntr.rd_pntr_cdc_inst/src_clk
    SLICE_X84Y195        FDRE                                         r  mainnet_down10g/axi_stream_gen_mon_0/axi_stream_interface/bb_interface_fifo_rx/inst/gen_fifo.xpm_fifo_axis_inst/xpm_fifo_base_inst/gen_cdc_pntr.rd_pntr_cdc_inst/src_gray_ff_reg[4]/C
  -------------------------------------------------------------------    -------------------
    SLICE_X84Y195        FDRE (Prop_DFF_SLICEL_C_Q)
                                                      0.104    -0.443 r  mainnet_down10g/axi_stream_gen_mon_0/axi_stream_interface/bb_interface_fifo_rx/inst/gen_fifo.xpm_fifo_axis_inst/xpm_fifo_base_inst/gen_cdc_pntr.rd_pntr_cdc_inst/src_gray_ff_reg[4]/Q
                         net (fo=1, routed)           0.371    -0.072    mainnet_down10g/axi_stream_gen_mon_0/axi_stream_interface/bb_interface_fifo_rx/inst/gen_fifo.xpm_fifo_axis_inst/xpm_fifo_base_inst/gen_cdc_pntr.rd_pntr_cdc_inst/async_path[4]
    SLICE_X84Y196        FDRE                                         r  mainnet_down10g/axi_stream_gen_mon_0/axi_stream_interface/bb_interface_fifo_rx/inst/gen_fifo.xpm_fifo_axis_inst/xpm_fifo_base_inst/gen_cdc_pntr.rd_pntr_cdc_inst/dest_graysync_ff_reg[0][4]/D
  -------------------------------------------------------------------    -------------------

                         (clock refclk_p rise edge)
                                                      0.000     0.000 r  
    GTHE3_COMMON_X0Y3                                 0.000     0.000 r  refclk_p (IN)
                         net (fo=0)                   0.000     0.000    mainnet_down10g/mac_phy_wrapper_i/mac_phy_i/mac_phy_ch0/ten_gig_eth_pcs_pma_ch0/inst/ten_gig_eth_pcs_pma_shared_clock_reset_block/refclk_p
    GTHE3_COMMON_X0Y3    IBUFDS_GTE3 (Prop_IBUFDS0_GTE3_GTHE3_COMMON_I_ODIV2)
                                                      0.363     0.363 r  mainnet_down10g/mac_phy_wrapper_i/mac_phy_i/mac_phy_ch0/ten_gig_eth_pcs_pma_ch0/inst/ten_gig_eth_pcs_pma_shared_clock_reset_block/ibufds_inst/ODIV2
                         net (fo=2, routed)           0.082     0.445    mainnet_down10g/mac_phy_wrapper_i/mac_phy_i/mac_phy_ch0/ten_gig_eth_pcs_pma_ch0/inst/ten_gig_eth_pcs_pma_shared_clock_reset_block/refclkcopy
    BUFG_GT_X0Y95        BUFG_GT (Prop_BUFG_GT_I_O)
                                                      0.315     0.760 r  mainnet_down10g/mac_phy_wrapper_i/mac_phy_i/mac_phy_ch0/ten_gig_eth_pcs_pma_ch0/inst/ten_gig_eth_pcs_pma_shared_clock_reset_block/refclk_bufg_gt_i/O
    X2Y2 (CLOCK_ROOT)    net (fo=3144, routed)        2.262     3.022    mainnet_down10g/axi_stream_gen_mon_0/axi_stream_interface/bb_interface_fifo_rx/inst/gen_fifo.xpm_fifo_axis_inst/xpm_fifo_base_inst/gen_cdc_pntr.rd_pntr_cdc_inst/dest_clk
    SLICE_X84Y196        FDRE                                         r  mainnet_down10g/axi_stream_gen_mon_0/axi_stream_interface/bb_interface_fifo_rx/inst/gen_fifo.xpm_fifo_axis_inst/xpm_fifo_base_inst/gen_cdc_pntr.rd_pntr_cdc_inst/dest_graysync_ff_reg[0][4]/C
                         clock pessimism              0.000     3.022    
    SLICE_X84Y196        FDRE (Hold_DFF2_SLICEL_C_D)
                                                      0.109     3.131    mainnet_down10g/axi_stream_gen_mon_0/axi_stream_interface/bb_interface_fifo_rx/inst/gen_fifo.xpm_fifo_axis_inst/xpm_fifo_base_inst/gen_cdc_pntr.rd_pntr_cdc_inst/dest_graysync_ff_reg[0][4]
  -------------------------------------------------------------------
                         data arrival                          -0.072    
                         clock arrival                          3.131    
  -------------------------------------------------------------------
                         relative delay                        -3.204    



Id: 3
set_bus_skew -from [get_cells [list {mainnet_down10g/axi_stream_gen_mon_0/axi_stream_interface/bb_interface_fifo_rx/inst/gen_fifo.xpm_fifo_axis_inst/xpm_fifo_base_inst/gen_cdc_pntr.wr_pntr_cdc_inst/src_gray_ff_reg[0]} \
          {mainnet_down10g/axi_stream_gen_mon_0/axi_stream_interface/bb_interface_fifo_rx/inst/gen_fifo.xpm_fifo_axis_inst/xpm_fifo_base_inst/gen_cdc_pntr.wr_pntr_cdc_inst/src_gray_ff_reg[10]} \
          {mainnet_down10g/axi_stream_gen_mon_0/axi_stream_interface/bb_interface_fifo_rx/inst/gen_fifo.xpm_fifo_axis_inst/xpm_fifo_base_inst/gen_cdc_pntr.wr_pntr_cdc_inst/src_gray_ff_reg[1]} \
          {mainnet_down10g/axi_stream_gen_mon_0/axi_stream_interface/bb_interface_fifo_rx/inst/gen_fifo.xpm_fifo_axis_inst/xpm_fifo_base_inst/gen_cdc_pntr.wr_pntr_cdc_inst/src_gray_ff_reg[2]} \
          {mainnet_down10g/axi_stream_gen_mon_0/axi_stream_interface/bb_interface_fifo_rx/inst/gen_fifo.xpm_fifo_axis_inst/xpm_fifo_base_inst/gen_cdc_pntr.wr_pntr_cdc_inst/src_gray_ff_reg[3]} \
          {mainnet_down10g/axi_stream_gen_mon_0/axi_stream_interface/bb_interface_fifo_rx/inst/gen_fifo.xpm_fifo_axis_inst/xpm_fifo_base_inst/gen_cdc_pntr.wr_pntr_cdc_inst/src_gray_ff_reg[4]} \
          {mainnet_down10g/axi_stream_gen_mon_0/axi_stream_interface/bb_interface_fifo_rx/inst/gen_fifo.xpm_fifo_axis_inst/xpm_fifo_base_inst/gen_cdc_pntr.wr_pntr_cdc_inst/src_gray_ff_reg[5]} \
          {mainnet_down10g/axi_stream_gen_mon_0/axi_stream_interface/bb_interface_fifo_rx/inst/gen_fifo.xpm_fifo_axis_inst/xpm_fifo_base_inst/gen_cdc_pntr.wr_pntr_cdc_inst/src_gray_ff_reg[6]} \
          {mainnet_down10g/axi_stream_gen_mon_0/axi_stream_interface/bb_interface_fifo_rx/inst/gen_fifo.xpm_fifo_axis_inst/xpm_fifo_base_inst/gen_cdc_pntr.wr_pntr_cdc_inst/src_gray_ff_reg[7]} \
          {mainnet_down10g/axi_stream_gen_mon_0/axi_stream_interface/bb_interface_fifo_rx/inst/gen_fifo.xpm_fifo_axis_inst/xpm_fifo_base_inst/gen_cdc_pntr.wr_pntr_cdc_inst/src_gray_ff_reg[8]} \
          {mainnet_down10g/axi_stream_gen_mon_0/axi_stream_interface/bb_interface_fifo_rx/inst/gen_fifo.xpm_fifo_axis_inst/xpm_fifo_base_inst/gen_cdc_pntr.wr_pntr_cdc_inst/src_gray_ff_reg[9]}]] -to [get_cells [list {mainnet_down10g/axi_stream_gen_mon_0/axi_stream_interface/bb_interface_fifo_rx/inst/gen_fifo.xpm_fifo_axis_inst/xpm_fifo_base_inst/gen_cdc_pntr.wr_pntr_cdc_inst/dest_graysync_ff_reg[0][0]} \
          {mainnet_down10g/axi_stream_gen_mon_0/axi_stream_interface/bb_interface_fifo_rx/inst/gen_fifo.xpm_fifo_axis_inst/xpm_fifo_base_inst/gen_cdc_pntr.wr_pntr_cdc_inst/dest_graysync_ff_reg[0][10]} \
          {mainnet_down10g/axi_stream_gen_mon_0/axi_stream_interface/bb_interface_fifo_rx/inst/gen_fifo.xpm_fifo_axis_inst/xpm_fifo_base_inst/gen_cdc_pntr.wr_pntr_cdc_inst/dest_graysync_ff_reg[0][1]} \
          {mainnet_down10g/axi_stream_gen_mon_0/axi_stream_interface/bb_interface_fifo_rx/inst/gen_fifo.xpm_fifo_axis_inst/xpm_fifo_base_inst/gen_cdc_pntr.wr_pntr_cdc_inst/dest_graysync_ff_reg[0][2]} \
          {mainnet_down10g/axi_stream_gen_mon_0/axi_stream_interface/bb_interface_fifo_rx/inst/gen_fifo.xpm_fifo_axis_inst/xpm_fifo_base_inst/gen_cdc_pntr.wr_pntr_cdc_inst/dest_graysync_ff_reg[0][3]} \
          {mainnet_down10g/axi_stream_gen_mon_0/axi_stream_interface/bb_interface_fifo_rx/inst/gen_fifo.xpm_fifo_axis_inst/xpm_fifo_base_inst/gen_cdc_pntr.wr_pntr_cdc_inst/dest_graysync_ff_reg[0][4]} \
          {mainnet_down10g/axi_stream_gen_mon_0/axi_stream_interface/bb_interface_fifo_rx/inst/gen_fifo.xpm_fifo_axis_inst/xpm_fifo_base_inst/gen_cdc_pntr.wr_pntr_cdc_inst/dest_graysync_ff_reg[0][5]} \
          {mainnet_down10g/axi_stream_gen_mon_0/axi_stream_interface/bb_interface_fifo_rx/inst/gen_fifo.xpm_fifo_axis_inst/xpm_fifo_base_inst/gen_cdc_pntr.wr_pntr_cdc_inst/dest_graysync_ff_reg[0][6]} \
          {mainnet_down10g/axi_stream_gen_mon_0/axi_stream_interface/bb_interface_fifo_rx/inst/gen_fifo.xpm_fifo_axis_inst/xpm_fifo_base_inst/gen_cdc_pntr.wr_pntr_cdc_inst/dest_graysync_ff_reg[0][7]} \
          {mainnet_down10g/axi_stream_gen_mon_0/axi_stream_interface/bb_interface_fifo_rx/inst/gen_fifo.xpm_fifo_axis_inst/xpm_fifo_base_inst/gen_cdc_pntr.wr_pntr_cdc_inst/dest_graysync_ff_reg[0][8]} \
          {mainnet_down10g/axi_stream_gen_mon_0/axi_stream_interface/bb_interface_fifo_rx/inst/gen_fifo.xpm_fifo_axis_inst/xpm_fifo_base_inst/gen_cdc_pntr.wr_pntr_cdc_inst/dest_graysync_ff_reg[0][9]}]] 4.000
Requirement: 4.000ns
Endpoints: 11

From Clock            To Clock              Endpoint Pin                    Reference Pin                   Corner  Actual(ns)  Slack(ns)
--------------------  --------------------  ------------------------------  ------------------------------  ------  ----------  ---------
refclk_p              clk_out1_tpu_transmit_clock
                                            mainnet_down10g/axi_stream_gen_mon_0/axi_stream_interface/bb_interface_fifo_rx/inst/gen_fifo.xpm_fifo_axis_inst/xpm_fifo_base_inst/gen_cdc_pntr.wr_pntr_cdc_inst/dest_graysync_ff_reg[0][0]/D
                                                                            mainnet_down10g/axi_stream_gen_mon_0/axi_stream_interface/bb_interface_fifo_rx/inst/gen_fifo.xpm_fifo_axis_inst/xpm_fifo_base_inst/gen_cdc_pntr.wr_pntr_cdc_inst/dest_graysync_ff_reg[0][5]/D
                                                                                                            Slow         1.041      2.959


Slack (MET) :             2.959ns  (requirement - actual skew)
  Endpoint Source:        mainnet_down10g/axi_stream_gen_mon_0/axi_stream_interface/bb_interface_fifo_rx/inst/gen_fifo.xpm_fifo_axis_inst/xpm_fifo_base_inst/gen_cdc_pntr.wr_pntr_cdc_inst/src_gray_ff_reg[0]/C
                            (rising edge-triggered cell FDRE clocked by refclk_p)
  Endpoint Destination:   mainnet_down10g/axi_stream_gen_mon_0/axi_stream_interface/bb_interface_fifo_rx/inst/gen_fifo.xpm_fifo_axis_inst/xpm_fifo_base_inst/gen_cdc_pntr.wr_pntr_cdc_inst/dest_graysync_ff_reg[0][0]/D
                            (rising edge-triggered cell FDRE clocked by clk_out1_tpu_transmit_clock)
  Reference Source:       mainnet_down10g/axi_stream_gen_mon_0/axi_stream_interface/bb_interface_fifo_rx/inst/gen_fifo.xpm_fifo_axis_inst/xpm_fifo_base_inst/gen_cdc_pntr.wr_pntr_cdc_inst/src_gray_ff_reg[5]/C
                            (rising edge-triggered cell FDRE clocked by refclk_p)
  Reference Destination:  mainnet_down10g/axi_stream_gen_mon_0/axi_stream_interface/bb_interface_fifo_rx/inst/gen_fifo.xpm_fifo_axis_inst/xpm_fifo_base_inst/gen_cdc_pntr.wr_pntr_cdc_inst/dest_graysync_ff_reg[0][5]/D
                            (rising edge-triggered cell FDRE clocked by clk_out1_tpu_transmit_clock)
  Path Type:              Bus Skew (Max at Slow Process Corner)
  Requirement:            4.000ns
  Endpoint Relative Delay:    4.542ns
  Reference Relative Delay:   3.057ns
  Relative CRPR:              0.603ns
  Uncertainty:                0.160ns
  Actual Bus Skew:            1.041ns  (Endpoint Relative Delay - Reference Relative Delay - Relative CRPR + Uncertainty)

Endpoint path:
    Location             Delay type                Incr(ns)  Path(ns)    Netlist Resource(s)
  -------------------------------------------------------------------    -------------------
                         (clock refclk_p rise edge)
                                                      0.000     0.000 r  
    GTHE3_COMMON_X0Y3                                 0.000     0.000 r  refclk_p (IN)
                         net (fo=0)                   0.000     0.000    mainnet_down10g/mac_phy_wrapper_i/mac_phy_i/mac_phy_ch0/ten_gig_eth_pcs_pma_ch0/inst/ten_gig_eth_pcs_pma_shared_clock_reset_block/refclk_p
    GTHE3_COMMON_X0Y3    IBUFDS_GTE3 (Prop_IBUFDS0_GTE3_GTHE3_COMMON_I_ODIV2)
                                                      0.363     0.363 r  mainnet_down10g/mac_phy_wrapper_i/mac_phy_i/mac_phy_ch0/ten_gig_eth_pcs_pma_ch0/inst/ten_gig_eth_pcs_pma_shared_clock_reset_block/ibufds_inst/ODIV2
                         net (fo=2, routed)           0.082     0.445    mainnet_down10g/mac_phy_wrapper_i/mac_phy_i/mac_phy_ch0/ten_gig_eth_pcs_pma_ch0/inst/ten_gig_eth_pcs_pma_shared_clock_reset_block/refclkcopy
    BUFG_GT_X0Y95        BUFG_GT (Prop_BUFG_GT_I_O)
                                                      0.315     0.760 r  mainnet_down10g/mac_phy_wrapper_i/mac_phy_i/mac_phy_ch0/ten_gig_eth_pcs_pma_ch0/inst/ten_gig_eth_pcs_pma_shared_clock_reset_block/refclk_bufg_gt_i/O
    X2Y2 (CLOCK_ROOT)    net (fo=3144, routed)        2.243     3.003    mainnet_down10g/axi_stream_gen_mon_0/axi_stream_interface/bb_interface_fifo_rx/inst/gen_fifo.xpm_fifo_axis_inst/xpm_fifo_base_inst/gen_cdc_pntr.wr_pntr_cdc_inst/src_clk
    SLICE_X86Y200        FDRE                                         r  mainnet_down10g/axi_stream_gen_mon_0/axi_stream_interface/bb_interface_fifo_rx/inst/gen_fifo.xpm_fifo_axis_inst/xpm_fifo_base_inst/gen_cdc_pntr.wr_pntr_cdc_inst/src_gray_ff_reg[0]/C
  -------------------------------------------------------------------    -------------------
    SLICE_X86Y200        FDRE (Prop_HFF_SLICEL_C_Q)
                                                      0.114     3.117 r  mainnet_down10g/axi_stream_gen_mon_0/axi_stream_interface/bb_interface_fifo_rx/inst/gen_fifo.xpm_fifo_axis_inst/xpm_fifo_base_inst/gen_cdc_pntr.wr_pntr_cdc_inst/src_gray_ff_reg[0]/Q
                         net (fo=1, routed)           0.951     4.068    mainnet_down10g/axi_stream_gen_mon_0/axi_stream_interface/bb_interface_fifo_rx/inst/gen_fifo.xpm_fifo_axis_inst/xpm_fifo_base_inst/gen_cdc_pntr.wr_pntr_cdc_inst/async_path[0]
    SLICE_X86Y200        FDRE                                         r  mainnet_down10g/axi_stream_gen_mon_0/axi_stream_interface/bb_interface_fifo_rx/inst/gen_fifo.xpm_fifo_axis_inst/xpm_fifo_base_inst/gen_cdc_pntr.wr_pntr_cdc_inst/dest_graysync_ff_reg[0][0]/D
  -------------------------------------------------------------------    -------------------

                         (clock clk_out1_tpu_transmit_clock rise edge)
                                                      0.000     0.000 r  
    G10                                               0.000     0.000 r  CLK_125MHZ_P (IN)
                         net (fo=0)                   0.001     0.001    tpu_transmit_clock/inst/clkin1_ibufds/I
    HPIOBDIFFINBUF_X1Y59 DIFFINBUF (Prop_DIFFINBUF_HPIOBDIFFINBUF_DIFF_IN_P_O)
                                                      0.324     0.325 r  tpu_transmit_clock/inst/clkin1_ibufds/DIFFINBUF_INST/O
                         net (fo=1, routed)           0.051     0.376    tpu_transmit_clock/inst/clkin1_ibufds/OUT
    G10                  IBUFCTRL (Prop_IBUFCTRL_HPIOB_I_O)
                                                      0.000     0.376 r  tpu_transmit_clock/inst/clkin1_ibufds/IBUFCTRL_INST/O
                         net (fo=1, routed)           0.778     1.154    tpu_transmit_clock/inst/clk_in1_tpu_transmit_clock
    MMCME3_ADV_X1Y2      MMCME3_ADV (Prop_MMCME3_ADV_CLKIN1_CLKOUT0)
                                                     -4.713    -3.559 r  tpu_transmit_clock/inst/mmcme3_adv_inst/CLKOUT0
                         net (fo=1, routed)           0.372    -3.187    tpu_transmit_clock/inst/clk_out1_tpu_transmit_clock
    BUFGCE_X1Y48         BUFGCE (Prop_BUFCE_BUFGCE_I_O)
                                                      0.075    -3.112 r  tpu_transmit_clock/inst/clkout1_buf/O
    X1Y2 (CLOCK_ROOT)    net (fo=44520, routed)       2.576    -0.536    mainnet_down10g/axi_stream_gen_mon_0/axi_stream_interface/bb_interface_fifo_rx/inst/gen_fifo.xpm_fifo_axis_inst/xpm_fifo_base_inst/gen_cdc_pntr.wr_pntr_cdc_inst/dest_clk
    SLICE_X86Y200        FDRE                                         r  mainnet_down10g/axi_stream_gen_mon_0/axi_stream_interface/bb_interface_fifo_rx/inst/gen_fifo.xpm_fifo_axis_inst/xpm_fifo_base_inst/gen_cdc_pntr.wr_pntr_cdc_inst/dest_graysync_ff_reg[0][0]/C
                         clock pessimism              0.000    -0.536    
    SLICE_X86Y200        FDRE (Setup_DFF2_SLICEL_C_D)
                                                      0.063    -0.473    mainnet_down10g/axi_stream_gen_mon_0/axi_stream_interface/bb_interface_fifo_rx/inst/gen_fifo.xpm_fifo_axis_inst/xpm_fifo_base_inst/gen_cdc_pntr.wr_pntr_cdc_inst/dest_graysync_ff_reg[0][0]
  -------------------------------------------------------------------
                         data arrival                           4.068    
                         clock arrival                         -0.473    
  -------------------------------------------------------------------
                         relative delay                         4.542    

Reference path:
    Location             Delay type                Incr(ns)  Path(ns)    Netlist Resource(s)
  -------------------------------------------------------------------    -------------------
                         (clock refclk_p rise edge)
                                                      0.000     0.000 r  
    GTHE3_COMMON_X0Y3                                 0.000     0.000 r  refclk_p (IN)
                         net (fo=0)                   0.000     0.000    mainnet_down10g/mac_phy_wrapper_i/mac_phy_i/mac_phy_ch0/ten_gig_eth_pcs_pma_ch0/inst/ten_gig_eth_pcs_pma_shared_clock_reset_block/refclk_p
    GTHE3_COMMON_X0Y3    IBUFDS_GTE3 (Prop_IBUFDS0_GTE3_GTHE3_COMMON_I_ODIV2)
                                                      0.209     0.209 r  mainnet_down10g/mac_phy_wrapper_i/mac_phy_i/mac_phy_ch0/ten_gig_eth_pcs_pma_ch0/inst/ten_gig_eth_pcs_pma_shared_clock_reset_block/ibufds_inst/ODIV2
                         net (fo=2, routed)           0.046     0.255    mainnet_down10g/mac_phy_wrapper_i/mac_phy_i/mac_phy_ch0/ten_gig_eth_pcs_pma_ch0/inst/ten_gig_eth_pcs_pma_shared_clock_reset_block/refclkcopy
    BUFG_GT_X0Y95        BUFG_GT (Prop_BUFG_GT_I_O)
                                                      0.283     0.538 r  mainnet_down10g/mac_phy_wrapper_i/mac_phy_i/mac_phy_ch0/ten_gig_eth_pcs_pma_ch0/inst/ten_gig_eth_pcs_pma_shared_clock_reset_block/refclk_bufg_gt_i/O
    X2Y2 (CLOCK_ROOT)    net (fo=3144, routed)        1.991     2.529    mainnet_down10g/axi_stream_gen_mon_0/axi_stream_interface/bb_interface_fifo_rx/inst/gen_fifo.xpm_fifo_axis_inst/xpm_fifo_base_inst/gen_cdc_pntr.wr_pntr_cdc_inst/src_clk
    SLICE_X85Y200        FDRE                                         r  mainnet_down10g/axi_stream_gen_mon_0/axi_stream_interface/bb_interface_fifo_rx/inst/gen_fifo.xpm_fifo_axis_inst/xpm_fifo_base_inst/gen_cdc_pntr.wr_pntr_cdc_inst/src_gray_ff_reg[5]/C
  -------------------------------------------------------------------    -------------------
    SLICE_X85Y200        FDRE (Prop_CFF2_SLICEL_C_Q)
                                                      0.107     2.636 r  mainnet_down10g/axi_stream_gen_mon_0/axi_stream_interface/bb_interface_fifo_rx/inst/gen_fifo.xpm_fifo_axis_inst/xpm_fifo_base_inst/gen_cdc_pntr.wr_pntr_cdc_inst/src_gray_ff_reg[5]/Q
                         net (fo=1, routed)           0.363     2.999    mainnet_down10g/axi_stream_gen_mon_0/axi_stream_interface/bb_interface_fifo_rx/inst/gen_fifo.xpm_fifo_axis_inst/xpm_fifo_base_inst/gen_cdc_pntr.wr_pntr_cdc_inst/async_path[5]
    SLICE_X83Y200        FDRE                                         r  mainnet_down10g/axi_stream_gen_mon_0/axi_stream_interface/bb_interface_fifo_rx/inst/gen_fifo.xpm_fifo_axis_inst/xpm_fifo_base_inst/gen_cdc_pntr.wr_pntr_cdc_inst/dest_graysync_ff_reg[0][5]/D
  -------------------------------------------------------------------    -------------------

                         (clock clk_out1_tpu_transmit_clock rise edge)
                                                      0.000     0.000 r  
    G10                                               0.000     0.000 r  CLK_125MHZ_P (IN)
                         net (fo=0)                   0.001     0.001    tpu_transmit_clock/inst/clkin1_ibufds/I
    HPIOBDIFFINBUF_X1Y59 DIFFINBUF (Prop_DIFFINBUF_HPIOBDIFFINBUF_DIFF_IN_P_O)
                                                      0.521     0.522 r  tpu_transmit_clock/inst/clkin1_ibufds/DIFFINBUF_INST/O
                         net (fo=1, routed)           0.090     0.612    tpu_transmit_clock/inst/clkin1_ibufds/OUT
    G10                  IBUFCTRL (Prop_IBUFCTRL_HPIOB_I_O)
                                                      0.000     0.612 r  tpu_transmit_clock/inst/clkin1_ibufds/IBUFCTRL_INST/O
                         net (fo=1, routed)           0.865     1.477    tpu_transmit_clock/inst/clk_in1_tpu_transmit_clock
    MMCME3_ADV_X1Y2      MMCME3_ADV (Prop_MMCME3_ADV_CLKIN1_CLKOUT0)
                                                     -5.047    -3.570 r  tpu_transmit_clock/inst/mmcme3_adv_inst/CLKOUT0
                         net (fo=1, routed)           0.437    -3.133    tpu_transmit_clock/inst/clk_out1_tpu_transmit_clock
    BUFGCE_X1Y48         BUFGCE (Prop_BUFCE_BUFGCE_I_O)
                                                      0.083    -3.050 r  tpu_transmit_clock/inst/clkout1_buf/O
    X1Y2 (CLOCK_ROOT)    net (fo=44520, routed)       2.884    -0.166    mainnet_down10g/axi_stream_gen_mon_0/axi_stream_interface/bb_interface_fifo_rx/inst/gen_fifo.xpm_fifo_axis_inst/xpm_fifo_base_inst/gen_cdc_pntr.wr_pntr_cdc_inst/dest_clk
    SLICE_X83Y200        FDRE                                         r  mainnet_down10g/axi_stream_gen_mon_0/axi_stream_interface/bb_interface_fifo_rx/inst/gen_fifo.xpm_fifo_axis_inst/xpm_fifo_base_inst/gen_cdc_pntr.wr_pntr_cdc_inst/dest_graysync_ff_reg[0][5]/C
                         clock pessimism              0.000    -0.166    
    SLICE_X83Y200        FDRE (Hold_GFF2_SLICEL_C_D)
                                                      0.107    -0.059    mainnet_down10g/axi_stream_gen_mon_0/axi_stream_interface/bb_interface_fifo_rx/inst/gen_fifo.xpm_fifo_axis_inst/xpm_fifo_base_inst/gen_cdc_pntr.wr_pntr_cdc_inst/dest_graysync_ff_reg[0][5]
  -------------------------------------------------------------------
                         data arrival                           2.999    
                         clock arrival                         -0.059    
  -------------------------------------------------------------------
                         relative delay                         3.057    



